-- The C compiler identification is GNU 13.3.0
-- The CXX compiler identification is GNU 13.3.0
-- Detecting C compiler ABI info
-- Detecting C compiler ABI info - done
-- Check for working C compiler: /usr/bin/cc - skipped
-- Detecting C compile features
-- Detecting C compile features - done
-- Detecting CXX compiler ABI info
-- Detecting CXX compiler ABI info - done
-- Check for working CXX compiler: /usr/bin/c++ - skipped
-- Detecting CXX compile features
-- Detecting CXX compile features - done
-- Found ament_cmake: 2.5.4 (/opt/ros/jazzy/share/ament_cmake/cmake)
-- Found Python3: /usr/bin/python3 (found version "3.12.3") found components: Interpreter 
-- Found rclpy: 7.1.4 (/opt/ros/jazzy/share/rclpy/cmake)
-- Found std_msgs: 5.3.6 (/opt/ros/jazzy/share/std_msgs/cmake)
-- Found rosidl_generator_c: 4.6.5 (/opt/ros/jazzy/share/rosidl_generator_c/cmake)
-- Found rosidl_generator_cpp: 4.6.5 (/opt/ros/jazzy/share/rosidl_generator_cpp/cmake)
-- Using all available rosidl_typesupport_c: rosidl_typesupport_fastrtps_c;rosidl_typesupport_introspection_c
-- Using all available rosidl_typesupport_cpp: rosidl_typesupport_fastrtps_cpp;rosidl_typesupport_introspection_cpp
-- Found sensor_msgs: 5.3.6 (/opt/ros/jazzy/share/sensor_msgs/cmake)
-- Found rosidl_default_generators: 1.6.0 (/opt/ros/jazzy/share/rosidl_default_generators/cmake)
-- Found rosidl_adapter: 4.6.5 (/opt/ros/jazzy/share/rosidl_adapter/cmake)
-- Found ament_cmake_ros: 0.12.0 (/opt/ros/jazzy/share/ament_cmake_ros/cmake)
-- Using all available rosidl_typesupport_c: rosidl_typesupport_fastrtps_c;rosidl_typesupport_introspection_c
-- Using all available rosidl_typesupport_cpp: rosidl_typesupport_fastrtps_cpp;rosidl_typesupport_introspection_cpp
-- Found python_cmake_module: 0.11.1 (/opt/ros/jazzy/share/python_cmake_module/cmake)
-- Found PythonExtra: /usr/bin/python3  
-- Found Python3: /usr/bin/python3 (found version "3.12.3") found components: Interpreter Development NumPy Development.Module Development.Embed 
-- Configuring done (4.8s)
-- Generating done (0.1s)
-- Build files have been written to: /home/naysha/ros2_ws/src/final_pipeline/build/final_pipeline
[  1%] [34m[1mGenerating type hashes for ROS interfaces[0m
[  1%] Built target ament_cmake_python_copy_final_pipeline
[  1%] Built target final_pipeline__rosidl_generator_type_description
running egg_info
creating final_pipeline.egg-info
[  3%] [34m[1mGenerating C code for ROS interfaces[0m
writing final_pipeline.egg-info/PKG-INFO
writing dependency_links to final_pipeline.egg-info/dependency_links.txt
writing top-level names to final_pipeline.egg-info/top_level.txt
writing manifest file 'final_pipeline.egg-info/SOURCES.txt'
[  5%] [34m[1mGenerating C++ code for ROS interfaces[0m
reading manifest file 'final_pipeline.egg-info/SOURCES.txt'
writing manifest file 'final_pipeline.egg-info/SOURCES.txt'
[  5%] Built target ament_cmake_python_build_final_pipeline_egg
[  5%] Built target final_pipeline__cpp
[  7%] [32mBuilding C object CMakeFiles/final_pipeline__rosidl_generator_c.dir/rosidl_generator_c/final_pipeline/srv/detail/get_gps__type_support.c.o[0m
[  9%] [32mBuilding C object CMakeFiles/final_pipeline__rosidl_generator_c.dir/rosidl_generator_c/final_pipeline/srv/detail/get_yaw__type_support.c.o[0m
[ 11%] [32mBuilding C object CMakeFiles/final_pipeline__rosidl_generator_c.dir/rosidl_generator_c/final_pipeline/srv/detail/get_depth__description.c.o[0m
[ 16%] [32mBuilding C object CMakeFiles/final_pipeline__rosidl_generator_c.dir/rosidl_generator_c/final_pipeline/srv/detail/get_gps__functions.c.o[0m
[ 16%] [32mBuilding C object CMakeFiles/final_pipeline__rosidl_generator_c.dir/rosidl_generator_c/final_pipeline/srv/detail/get_gps__description.c.o[0m
[ 16%] [32mBuilding C object CMakeFiles/final_pipeline__rosidl_generator_c.dir/rosidl_generator_c/final_pipeline/srv/detail/get_yaw__description.c.o[0m
[ 20%] [32mBuilding C object CMakeFiles/final_pipeline__rosidl_generator_c.dir/rosidl_generator_c/final_pipeline/srv/detail/get_depth__functions.c.o[0m
[ 20%] [32mBuilding C object CMakeFiles/final_pipeline__rosidl_generator_c.dir/rosidl_generator_c/final_pipeline/srv/detail/get_yaw__functions.c.o[0m
[ 22%] [32mBuilding C object CMakeFiles/final_pipeline__rosidl_generator_c.dir/rosidl_generator_c/final_pipeline/srv/detail/get_depth__type_support.c.o[0m
[ 24%] [32m[1mLinking C shared library libfinal_pipeline__rosidl_generator_c.so[0m
[ 24%] Built target final_pipeline__rosidl_generator_c
[ 27%] [34m[1mGenerating C++ type support for eProsima Fast-RTPS[0m
[ 29%] [34m[1mGenerating C type support for eProsima Fast-RTPS[0m
[ 29%] [34m[1mGenerating C++ introspection for ROS interfaces[0m
[ 31%] [34m[1mGenerating C++ type support dispatch for ROS interfaces[0m
[ 33%] [34m[1mGenerating C type support dispatch for ROS interfaces[0m
[ 35%] [34m[1mGenerating C introspection for ROS interfaces[0m
[ 38%] [32mBuilding CXX object CMakeFiles/final_pipeline__rosidl_typesupport_c.dir/rosidl_typesupport_c/final_pipeline/srv/get_gps__type_support.cpp.o[0m
[ 38%] [32mBuilding CXX object CMakeFiles/final_pipeline__rosidl_typesupport_c.dir/rosidl_typesupport_c/final_pipeline/srv/get_yaw__type_support.cpp.o[0m
[ 40%] [32mBuilding CXX object CMakeFiles/final_pipeline__rosidl_typesupport_c.dir/rosidl_typesupport_c/final_pipeline/srv/get_depth__type_support.cpp.o[0m
[ 46%] [32mBuilding CXX object CMakeFiles/final_pipeline__rosidl_typesupport_cpp.dir/rosidl_typesupport_cpp/final_pipeline/srv/get_gps__type_support.cpp.o[0m
[ 46%] [32mBuilding CXX object CMakeFiles/final_pipeline__rosidl_typesupport_cpp.dir/rosidl_typesupport_cpp/final_pipeline/srv/get_depth__type_support.cpp.o[0m
[ 46%] [32mBuilding CXX object CMakeFiles/final_pipeline__rosidl_typesupport_cpp.dir/rosidl_typesupport_cpp/final_pipeline/srv/get_yaw__type_support.cpp.o[0m
[ 48%] [32m[1mLinking CXX shared library libfinal_pipeline__rosidl_typesupport_c.so[0m
[ 48%] Built target final_pipeline__rosidl_typesupport_c
[ 50%] [32mBuilding CXX object CMakeFiles/final_pipeline__rosidl_typesupport_fastrtps_cpp.dir/rosidl_typesupport_fastrtps_cpp/final_pipeline/srv/detail/dds_fastrtps/get_gps__type_support.cpp.o[0m
[ 51%] [32mBuilding CXX object CMakeFiles/final_pipeline__rosidl_typesupport_fastrtps_cpp.dir/rosidl_typesupport_fastrtps_cpp/final_pipeline/srv/detail/dds_fastrtps/get_yaw__type_support.cpp.o[0m
[ 53%] [32mBuilding CXX object CMakeFiles/final_pipeline__rosidl_typesupport_fastrtps_cpp.dir/rosidl_typesupport_fastrtps_cpp/final_pipeline/srv/detail/dds_fastrtps/get_depth__type_support.cpp.o[0m
[ 55%] [32mBuilding CXX object CMakeFiles/final_pipeline__rosidl_typesupport_fastrtps_c.dir/rosidl_typesupport_fastrtps_c/final_pipeline/srv/detail/get_gps__type_support_c.cpp.o[0m
[ 59%] [32mBuilding CXX object CMakeFiles/final_pipeline__rosidl_typesupport_fastrtps_c.dir/rosidl_typesupport_fastrtps_c/final_pipeline/srv/detail/get_yaw__type_support_c.cpp.o[0m
[ 59%] [32mBuilding CXX object CMakeFiles/final_pipeline__rosidl_typesupport_fastrtps_c.dir/rosidl_typesupport_fastrtps_c/final_pipeline/srv/detail/get_depth__type_support_c.cpp.o[0m
[ 61%] [32mBuilding C object CMakeFiles/final_pipeline__rosidl_typesupport_introspection_c.dir/rosidl_typesupport_introspection_c/final_pipeline/srv/detail/get_gps__type_support.c.o[0m
[ 62%] [32mBuilding C object CMakeFiles/final_pipeline__rosidl_typesupport_introspection_c.dir/rosidl_typesupport_introspection_c/final_pipeline/srv/detail/get_yaw__type_support.c.o[0m
[ 64%] [32mBuilding CXX object CMakeFiles/final_pipeline__rosidl_typesupport_introspection_cpp.dir/rosidl_typesupport_introspection_cpp/final_pipeline/srv/detail/get_gps__type_support.cpp.o[0m
[ 66%] [32mBuilding CXX object CMakeFiles/final_pipeline__rosidl_typesupport_introspection_cpp.dir/rosidl_typesupport_introspection_cpp/final_pipeline/srv/detail/get_yaw__type_support.cpp.o[0m
[ 68%] [32mBuilding C object CMakeFiles/final_pipeline__rosidl_typesupport_introspection_c.dir/rosidl_typesupport_introspection_c/final_pipeline/srv/detail/get_depth__type_support.c.o[0m
[ 70%] [32m[1mLinking C shared library libfinal_pipeline__rosidl_typesupport_introspection_c.so[0m
[ 70%] Built target final_pipeline__rosidl_typesupport_introspection_c
[ 72%] [32mBuilding CXX object CMakeFiles/final_pipeline__rosidl_typesupport_introspection_cpp.dir/rosidl_typesupport_introspection_cpp/final_pipeline/srv/detail/get_depth__type_support.cpp.o[0m
[ 74%] [32m[1mLinking CXX shared library libfinal_pipeline__rosidl_typesupport_cpp.so[0m
[ 74%] Built target final_pipeline__rosidl_typesupport_cpp
[ 75%] [32m[1mLinking CXX shared library libfinal_pipeline__rosidl_typesupport_fastrtps_c.so[0m
[ 77%] [32m[1mLinking CXX shared library libfinal_pipeline__rosidl_typesupport_introspection_cpp.so[0m
[ 77%] Built target final_pipeline__rosidl_typesupport_fastrtps_c
[ 79%] [32m[1mLinking CXX shared library libfinal_pipeline__rosidl_typesupport_fastrtps_cpp.so[0m
[ 79%] Built target final_pipeline__rosidl_typesupport_introspection_cpp
[ 79%] Built target final_pipeline__rosidl_typesupport_fastrtps_cpp
[ 79%] Built target final_pipeline
[ 81%] [34m[1mGenerating Python code for ROS interfaces[0m
[ 81%] Built target final_pipeline__py
[ 83%] [32mBuilding C object CMakeFiles/final_pipeline__rosidl_generator_py.dir/rosidl_generator_py/final_pipeline/srv/_get_depth_s.c.o[0m
[ 85%] [32mBuilding C object CMakeFiles/final_pipeline__rosidl_generator_py.dir/rosidl_generator_py/final_pipeline/srv/_get_yaw_s.c.o[0m
[ 87%] [32mBuilding C object CMakeFiles/final_pipeline__rosidl_generator_py.dir/rosidl_generator_py/final_pipeline/srv/_get_gps_s.c.o[0m
[ 88%] [32m[1mLinking C shared library libfinal_pipeline__rosidl_generator_py.so[0m
[ 88%] Built target final_pipeline__rosidl_generator_py
[ 90%] [32mBuilding C object CMakeFiles/final_pipeline_s__rosidl_typesupport_c.dir/rosidl_generator_py/final_pipeline/_final_pipeline_s.ep.rosidl_typesupport_c.c.o[0m
[ 92%] [32mBuilding C object CMakeFiles/final_pipeline_s__rosidl_typesupport_fastrtps_c.dir/rosidl_generator_py/final_pipeline/_final_pipeline_s.ep.rosidl_typesupport_fastrtps_c.c.o[0m
[ 94%] [32mBuilding C object CMakeFiles/final_pipeline_s__rosidl_typesupport_introspection_c.dir/rosidl_generator_py/final_pipeline/_final_pipeline_s.ep.rosidl_typesupport_introspection_c.c.o[0m
[ 96%] [32m[1mLinking C shared module rosidl_generator_py/final_pipeline/final_pipeline_s__rosidl_typesupport_c.so[0m
[ 98%] [32m[1mLinking C shared module rosidl_generator_py/final_pipeline/final_pipeline_s__rosidl_typesupport_introspection_c.so[0m
[100%] [32m[1mLinking C shared module rosidl_generator_py/final_pipeline/final_pipeline_s__rosidl_typesupport_fastrtps_c.so[0m
[100%] Built target final_pipeline_s__rosidl_typesupport_c
[100%] Built target final_pipeline_s__rosidl_typesupport_introspection_c
[100%] Built target final_pipeline_s__rosidl_typesupport_fastrtps_c
-- Install configuration: ""
-- Installing: /home/naysha/ros2_ws/src/final_pipeline/install/final_pipeline/share/ament_index/resource_index/rosidl_interfaces/final_pipeline
-- Installing: /home/naysha/ros2_ws/src/final_pipeline/install/final_pipeline/share/final_pipeline/srv/GetGPS.json
-- Installing: /home/naysha/ros2_ws/src/final_pipeline/install/final_pipeline/share/final_pipeline/srv/GetYaw.json
-- Installing: /home/naysha/ros2_ws/src/final_pipeline/install/final_pipeline/share/final_pipeline/srv/GetDepth.json
-- Installing: /home/naysha/ros2_ws/src/final_pipeline/install/final_pipeline/include/final_pipeline/final_pipeline
-- Installing: /home/naysha/ros2_ws/src/final_pipeline/install/final_pipeline/include/final_pipeline/final_pipeline/msg
-- Installing: /home/naysha/ros2_ws/src/final_pipeline/install/final_pipeline/include/final_pipeline/final_pipeline/msg/rosidl_generator_c__visibility_control.h
-- Installing: /home/naysha/ros2_ws/src/final_pipeline/install/final_pipeline/include/final_pipeline/final_pipeline/srv
-- Installing: /home/naysha/ros2_ws/src/final_pipeline/install/final_pipeline/include/final_pipeline/final_pipeline/srv/detail
-- Installing: /home/naysha/ros2_ws/src/final_pipeline/install/final_pipeline/include/final_pipeline/final_pipeline/srv/detail/get_gps__type_support.c
-- Installing: /home/naysha/ros2_ws/src/final_pipeline/install/final_pipeline/include/final_pipeline/final_pipeline/srv/detail/get_gps__struct.h
-- Installing: /home/naysha/ros2_ws/src/final_pipeline/install/final_pipeline/include/final_pipeline/final_pipeline/srv/detail/get_gps__description.c
-- Installing: /home/naysha/ros2_ws/src/final_pipeline/install/final_pipeline/include/final_pipeline/final_pipeline/srv/detail/get_depth__struct.h
-- Installing: /home/naysha/ros2_ws/src/final_pipeline/install/final_pipeline/include/final_pipeline/final_pipeline/srv/detail/get_yaw__type_support.h
-- Installing: /home/naysha/ros2_ws/src/final_pipeline/install/final_pipeline/include/final_pipeline/final_pipeline/srv/detail/get_yaw__type_support.c
-- Installing: /home/naysha/ros2_ws/src/final_pipeline/install/final_pipeline/include/final_pipeline/final_pipeline/srv/detail/get_yaw__struct.h
-- Installing: /home/naysha/ros2_ws/src/final_pipeline/install/final_pipeline/include/final_pipeline/final_pipeline/srv/detail/get_yaw__description.c
-- Installing: /home/naysha/ros2_ws/src/final_pipeline/install/final_pipeline/include/final_pipeline/final_pipeline/srv/detail/get_gps__functions.h
-- Installing: /home/naysha/ros2_ws/src/final_pipeline/install/final_pipeline/include/final_pipeline/final_pipeline/srv/detail/get_depth__functions.h
-- Installing: /home/naysha/ros2_ws/src/final_pipeline/install/final_pipeline/include/final_pipeline/final_pipeline/srv/detail/get_depth__type_support.c
-- Installing: /home/naysha/ros2_ws/src/final_pipeline/install/final_pipeline/include/final_pipeline/final_pipeline/srv/detail/get_yaw__functions.c
-- Installing: /home/naysha/ros2_ws/src/final_pipeline/install/final_pipeline/include/final_pipeline/final_pipeline/srv/detail/get_gps__type_support.h
-- Installing: /home/naysha/ros2_ws/src/final_pipeline/install/final_pipeline/include/final_pipeline/final_pipeline/srv/detail/get_depth__functions.c
-- Installing: /home/naysha/ros2_ws/src/final_pipeline/install/final_pipeline/include/final_pipeline/final_pipeline/srv/detail/get_depth__type_support.h
-- Installing: /home/naysha/ros2_ws/src/final_pipeline/install/final_pipeline/include/final_pipeline/final_pipeline/srv/detail/get_yaw__functions.h
-- Installing: /home/naysha/ros2_ws/src/final_pipeline/install/final_pipeline/include/final_pipeline/final_pipeline/srv/detail/get_depth__description.c
-- Installing: /home/naysha/ros2_ws/src/final_pipeline/install/final_pipeline/include/final_pipeline/final_pipeline/srv/detail/get_gps__functions.c
-- Installing: /home/naysha/ros2_ws/src/final_pipeline/install/final_pipeline/include/final_pipeline/final_pipeline/srv/get_yaw.h
-- Installing: /home/naysha/ros2_ws/src/final_pipeline/install/final_pipeline/include/final_pipeline/final_pipeline/srv/get_gps.h
-- Installing: /home/naysha/ros2_ws/src/final_pipeline/install/final_pipeline/include/final_pipeline/final_pipeline/srv/get_depth.h
-- Installing: /home/naysha/ros2_ws/src/final_pipeline/install/final_pipeline/share/final_pipeline/environment/library_path.sh
-- Installing: /home/naysha/ros2_ws/src/final_pipeline/install/final_pipeline/share/final_pipeline/environment/library_path.dsv
-- Installing: /home/naysha/ros2_ws/src/final_pipeline/install/final_pipeline/lib/libfinal_pipeline__rosidl_generator_c.so
-- Set non-toolchain portion of runtime path of "/home/naysha/ros2_ws/src/final_pipeline/install/final_pipeline/lib/libfinal_pipeline__rosidl_generator_c.so" to ""
-- Up-to-date: /home/naysha/ros2_ws/src/final_pipeline/install/final_pipeline/include/final_pipeline/final_pipeline
-- Up-to-date: /home/naysha/ros2_ws/src/final_pipeline/install/final_pipeline/include/final_pipeline/final_pipeline/msg
-- Installing: /home/naysha/ros2_ws/src/final_pipeline/install/final_pipeline/include/final_pipeline/final_pipeline/msg/rosidl_typesupport_fastrtps_c__visibility_control.h
-- Up-to-date: /home/naysha/ros2_ws/src/final_pipeline/install/final_pipeline/include/final_pipeline/final_pipeline/srv
-- Up-to-date: /home/naysha/ros2_ws/src/final_pipeline/install/final_pipeline/include/final_pipeline/final_pipeline/srv/detail
-- Installing: /home/naysha/ros2_ws/src/final_pipeline/install/final_pipeline/include/final_pipeline/final_pipeline/srv/detail/get_gps__rosidl_typesupport_fastrtps_c.h
-- Installing: /home/naysha/ros2_ws/src/final_pipeline/install/final_pipeline/include/final_pipeline/final_pipeline/srv/detail/get_yaw__rosidl_typesupport_fastrtps_c.h
-- Installing: /home/naysha/ros2_ws/src/final_pipeline/install/final_pipeline/include/final_pipeline/final_pipeline/srv/detail/get_depth__rosidl_typesupport_fastrtps_c.h
-- Installing: /home/naysha/ros2_ws/src/final_pipeline/install/final_pipeline/lib/libfinal_pipeline__rosidl_typesupport_fastrtps_c.so
-- Set non-toolchain portion of runtime path of "/home/naysha/ros2_ws/src/final_pipeline/install/final_pipeline/lib/libfinal_pipeline__rosidl_typesupport_fastrtps_c.so" to ""
-- Up-to-date: /home/naysha/ros2_ws/src/final_pipeline/install/final_pipeline/include/final_pipeline/final_pipeline
-- Up-to-date: /home/naysha/ros2_ws/src/final_pipeline/install/final_pipeline/include/final_pipeline/final_pipeline/msg
-- Installing: /home/naysha/ros2_ws/src/final_pipeline/install/final_pipeline/include/final_pipeline/final_pipeline/msg/rosidl_generator_cpp__visibility_control.hpp
-- Up-to-date: /home/naysha/ros2_ws/src/final_pipeline/install/final_pipeline/include/final_pipeline/final_pipeline/srv
-- Up-to-date: /home/naysha/ros2_ws/src/final_pipeline/install/final_pipeline/include/final_pipeline/final_pipeline/srv/detail
-- Installing: /home/naysha/ros2_ws/src/final_pipeline/install/final_pipeline/include/final_pipeline/final_pipeline/srv/detail/get_depth__type_support.hpp
-- Installing: /home/naysha/ros2_ws/src/final_pipeline/install/final_pipeline/include/final_pipeline/final_pipeline/srv/detail/get_yaw__struct.hpp
-- Installing: /home/naysha/ros2_ws/src/final_pipeline/install/final_pipeline/include/final_pipeline/final_pipeline/srv/detail/get_depth__struct.hpp
-- Installing: /home/naysha/ros2_ws/src/final_pipeline/install/final_pipeline/include/final_pipeline/final_pipeline/srv/detail/get_yaw__builder.hpp
-- Installing: /home/naysha/ros2_ws/src/final_pipeline/install/final_pipeline/include/final_pipeline/final_pipeline/srv/detail/get_yaw__type_support.hpp
-- Installing: /home/naysha/ros2_ws/src/final_pipeline/install/final_pipeline/include/final_pipeline/final_pipeline/srv/detail/get_gps__type_support.hpp
-- Installing: /home/naysha/ros2_ws/src/final_pipeline/install/final_pipeline/include/final_pipeline/final_pipeline/srv/detail/get_gps__traits.hpp
-- Installing: /home/naysha/ros2_ws/src/final_pipeline/install/final_pipeline/include/final_pipeline/final_pipeline/srv/detail/get_yaw__traits.hpp
-- Installing: /home/naysha/ros2_ws/src/final_pipeline/install/final_pipeline/include/final_pipeline/final_pipeline/srv/detail/get_gps__struct.hpp
-- Installing: /home/naysha/ros2_ws/src/final_pipeline/install/final_pipeline/include/final_pipeline/final_pipeline/srv/detail/get_depth__traits.hpp
-- Installing: /home/naysha/ros2_ws/src/final_pipeline/install/final_pipeline/include/final_pipeline/final_pipeline/srv/detail/get_depth__builder.hpp
-- Installing: /home/naysha/ros2_ws/src/final_pipeline/install/final_pipeline/include/final_pipeline/final_pipeline/srv/detail/get_gps__builder.hpp
-- Installing: /home/naysha/ros2_ws/src/final_pipeline/install/final_pipeline/include/final_pipeline/final_pipeline/srv/get_depth.hpp
-- Installing: /home/naysha/ros2_ws/src/final_pipeline/install/final_pipeline/include/final_pipeline/final_pipeline/srv/get_yaw.hpp
-- Installing: /home/naysha/ros2_ws/src/final_pipeline/install/final_pipeline/include/final_pipeline/final_pipeline/srv/get_gps.hpp
-- Up-to-date: /home/naysha/ros2_ws/src/final_pipeline/install/final_pipeline/include/final_pipeline/final_pipeline
-- Up-to-date: /home/naysha/ros2_ws/src/final_pipeline/install/final_pipeline/include/final_pipeline/final_pipeline/msg
-- Installing: /home/naysha/ros2_ws/src/final_pipeline/install/final_pipeline/include/final_pipeline/final_pipeline/msg/rosidl_typesupport_fastrtps_cpp__visibility_control.h
-- Up-to-date: /home/naysha/ros2_ws/src/final_pipeline/install/final_pipeline/include/final_pipeline/final_pipeline/srv
-- Up-to-date: /home/naysha/ros2_ws/src/final_pipeline/install/final_pipeline/include/final_pipeline/final_pipeline/srv/detail
-- Installing: /home/naysha/ros2_ws/src/final_pipeline/install/final_pipeline/include/final_pipeline/final_pipeline/srv/detail/get_depth__rosidl_typesupport_fastrtps_cpp.hpp
-- Installing: /home/naysha/ros2_ws/src/final_pipeline/install/final_pipeline/include/final_pipeline/final_pipeline/srv/detail/get_yaw__rosidl_typesupport_fastrtps_cpp.hpp
-- Installing: /home/naysha/ros2_ws/src/final_pipeline/install/final_pipeline/include/final_pipeline/final_pipeline/srv/detail/get_gps__rosidl_typesupport_fastrtps_cpp.hpp
-- Installing: /home/naysha/ros2_ws/src/final_pipeline/install/final_pipeline/include/final_pipeline/final_pipeline/srv/detail/dds_fastrtps
-- Installing: /home/naysha/ros2_ws/src/final_pipeline/install/final_pipeline/lib/libfinal_pipeline__rosidl_typesupport_fastrtps_cpp.so
-- Set non-toolchain portion of runtime path of "/home/naysha/ros2_ws/src/final_pipeline/install/final_pipeline/lib/libfinal_pipeline__rosidl_typesupport_fastrtps_cpp.so" to ""
-- Up-to-date: /home/naysha/ros2_ws/src/final_pipeline/install/final_pipeline/include/final_pipeline/final_pipeline
-- Up-to-date: /home/naysha/ros2_ws/src/final_pipeline/install/final_pipeline/include/final_pipeline/final_pipeline/msg
-- Installing: /home/naysha/ros2_ws/src/final_pipeline/install/final_pipeline/include/final_pipeline/final_pipeline/msg/rosidl_typesupport_introspection_c__visibility_control.h
-- Up-to-date: /home/naysha/ros2_ws/src/final_pipeline/install/final_pipeline/include/final_pipeline/final_pipeline/srv
-- Up-to-date: /home/naysha/ros2_ws/src/final_pipeline/install/final_pipeline/include/final_pipeline/final_pipeline/srv/detail
-- Installing: /home/naysha/ros2_ws/src/final_pipeline/install/final_pipeline/include/final_pipeline/final_pipeline/srv/detail/get_gps__type_support.c
-- Installing: /home/naysha/ros2_ws/src/final_pipeline/install/final_pipeline/include/final_pipeline/final_pipeline/srv/detail/get_yaw__type_support.c
-- Installing: /home/naysha/ros2_ws/src/final_pipeline/install/final_pipeline/include/final_pipeline/final_pipeline/srv/detail/get_gps__rosidl_typesupport_introspection_c.h
-- Installing: /home/naysha/ros2_ws/src/final_pipeline/install/final_pipeline/include/final_pipeline/final_pipeline/srv/detail/get_depth__type_support.c
-- Installing: /home/naysha/ros2_ws/src/final_pipeline/install/final_pipeline/include/final_pipeline/final_pipeline/srv/detail/get_depth__rosidl_typesupport_introspection_c.h
-- Installing: /home/naysha/ros2_ws/src/final_pipeline/install/final_pipeline/include/final_pipeline/final_pipeline/srv/detail/get_yaw__rosidl_typesupport_introspection_c.h
-- Installing: /home/naysha/ros2_ws/src/final_pipeline/install/final_pipeline/lib/libfinal_pipeline__rosidl_typesupport_introspection_c.so
-- Set non-toolchain portion of runtime path of "/home/naysha/ros2_ws/src/final_pipeline/install/final_pipeline/lib/libfinal_pipeline__rosidl_typesupport_introspection_c.so" to ""
-- Installing: /home/naysha/ros2_ws/src/final_pipeline/install/final_pipeline/lib/libfinal_pipeline__rosidl_typesupport_c.so
-- Set non-toolchain portion of runtime path of "/home/naysha/ros2_ws/src/final_pipeline/install/final_pipeline/lib/libfinal_pipeline__rosidl_typesupport_c.so" to ""
-- Up-to-date: /home/naysha/ros2_ws/src/final_pipeline/install/final_pipeline/include/final_pipeline/final_pipeline
-- Up-to-date: /home/naysha/ros2_ws/src/final_pipeline/install/final_pipeline/include/final_pipeline/final_pipeline/srv
-- Up-to-date: /home/naysha/ros2_ws/src/final_pipeline/install/final_pipeline/include/final_pipeline/final_pipeline/srv/detail
-- Installing: /home/naysha/ros2_ws/src/final_pipeline/install/final_pipeline/include/final_pipeline/final_pipeline/srv/detail/get_yaw__rosidl_typesupport_introspection_cpp.hpp
-- Installing: /home/naysha/ros2_ws/src/final_pipeline/install/final_pipeline/include/final_pipeline/final_pipeline/srv/detail/get_gps__rosidl_typesupport_introspection_cpp.hpp
-- Installing: /home/naysha/ros2_ws/src/final_pipeline/install/final_pipeline/include/final_pipeline/final_pipeline/srv/detail/get_depth__rosidl_typesupport_introspection_cpp.hpp
-- Installing: /home/naysha/ros2_ws/src/final_pipeline/install/final_pipeline/include/final_pipeline/final_pipeline/srv/detail/get_yaw__type_support.cpp
-- Installing: /home/naysha/ros2_ws/src/final_pipeline/install/final_pipeline/include/final_pipeline/final_pipeline/srv/detail/get_gps__type_support.cpp
-- Installing: /home/naysha/ros2_ws/src/final_pipeline/install/final_pipeline/include/final_pipeline/final_pipeline/srv/detail/get_depth__type_support.cpp
-- Installing: /home/naysha/ros2_ws/src/final_pipeline/install/final_pipeline/lib/libfinal_pipeline__rosidl_typesupport_introspection_cpp.so
-- Set non-toolchain portion of runtime path of "/home/naysha/ros2_ws/src/final_pipeline/install/final_pipeline/lib/libfinal_pipeline__rosidl_typesupport_introspection_cpp.so" to ""
-- Installing: /home/naysha/ros2_ws/src/final_pipeline/install/final_pipeline/lib/libfinal_pipeline__rosidl_typesupport_cpp.so
-- Set non-toolchain portion of runtime path of "/home/naysha/ros2_ws/src/final_pipeline/install/final_pipeline/lib/libfinal_pipeline__rosidl_typesupport_cpp.so" to ""
-- Installing: /home/naysha/ros2_ws/src/final_pipeline/install/final_pipeline/share/final_pipeline/environment/pythonpath.sh
-- Installing: /home/naysha/ros2_ws/src/final_pipeline/install/final_pipeline/share/final_pipeline/environment/pythonpath.dsv
-- Installing: /home/naysha/ros2_ws/src/final_pipeline/install/final_pipeline/lib/python3.12/site-packages/final_pipeline-0.0.1-py3.12.egg-info
-- Installing: /home/naysha/ros2_ws/src/final_pipeline/install/final_pipeline/lib/python3.12/site-packages/final_pipeline-0.0.1-py3.12.egg-info/dependency_links.txt
-- Installing: /home/naysha/ros2_ws/src/final_pipeline/install/final_pipeline/lib/python3.12/site-packages/final_pipeline-0.0.1-py3.12.egg-info/PKG-INFO
-- Installing: /home/naysha/ros2_ws/src/final_pipeline/install/final_pipeline/lib/python3.12/site-packages/final_pipeline-0.0.1-py3.12.egg-info/SOURCES.txt
-- Installing: /home/naysha/ros2_ws/src/final_pipeline/install/final_pipeline/lib/python3.12/site-packages/final_pipeline-0.0.1-py3.12.egg-info/top_level.txt
-- Installing: /home/naysha/ros2_ws/src/final_pipeline/install/final_pipeline/lib/python3.12/site-packages/final_pipeline
-- Installing: /home/naysha/ros2_ws/src/final_pipeline/install/final_pipeline/lib/python3.12/site-packages/final_pipeline/final_pipeline_s__rosidl_typesupport_fastrtps_c.so
-- Installing: /home/naysha/ros2_ws/src/final_pipeline/install/final_pipeline/lib/python3.12/site-packages/final_pipeline/_final_pipeline_s.ep.rosidl_typesupport_c.c
-- Installing: /home/naysha/ros2_ws/src/final_pipeline/install/final_pipeline/lib/python3.12/site-packages/final_pipeline/final_pipeline_s__rosidl_typesupport_introspection_c.so
-- Installing: /home/naysha/ros2_ws/src/final_pipeline/install/final_pipeline/lib/python3.12/site-packages/final_pipeline/__init__.py
-- Installing: /home/naysha/ros2_ws/src/final_pipeline/install/final_pipeline/lib/python3.12/site-packages/final_pipeline/srv
-- Installing: /home/naysha/ros2_ws/src/final_pipeline/install/final_pipeline/lib/python3.12/site-packages/final_pipeline/srv/_get_yaw_s.c
-- Installing: /home/naysha/ros2_ws/src/final_pipeline/install/final_pipeline/lib/python3.12/site-packages/final_pipeline/srv/_get_yaw.py
-- Installing: /home/naysha/ros2_ws/src/final_pipeline/install/final_pipeline/lib/python3.12/site-packages/final_pipeline/srv/_get_gps_s.c
-- Installing: /home/naysha/ros2_ws/src/final_pipeline/install/final_pipeline/lib/python3.12/site-packages/final_pipeline/srv/__init__.py
-- Installing: /home/naysha/ros2_ws/src/final_pipeline/install/final_pipeline/lib/python3.12/site-packages/final_pipeline/srv/_get_gps.py
-- Installing: /home/naysha/ros2_ws/src/final_pipeline/install/final_pipeline/lib/python3.12/site-packages/final_pipeline/srv/_get_depth_s.c
-- Installing: /home/naysha/ros2_ws/src/final_pipeline/install/final_pipeline/lib/python3.12/site-packages/final_pipeline/srv/_get_depth.py
-- Installing: /home/naysha/ros2_ws/src/final_pipeline/install/final_pipeline/lib/python3.12/site-packages/final_pipeline/_final_pipeline_s.ep.rosidl_typesupport_fastrtps_c.c
-- Installing: /home/naysha/ros2_ws/src/final_pipeline/install/final_pipeline/lib/python3.12/site-packages/final_pipeline/final_pipeline_s__rosidl_typesupport_c.so
-- Installing: /home/naysha/ros2_ws/src/final_pipeline/install/final_pipeline/lib/python3.12/site-packages/final_pipeline/_final_pipeline_s.ep.rosidl_typesupport_introspection_c.c
Listing '/home/naysha/ros2_ws/src/final_pipeline/install/final_pipeline/lib/python3.12/site-packages/final_pipeline'...
Compiling '/home/naysha/ros2_ws/src/final_pipeline/install/final_pipeline/lib/python3.12/site-packages/final_pipeline/__init__.py'...
Listing '/home/naysha/ros2_ws/src/final_pipeline/install/final_pipeline/lib/python3.12/site-packages/final_pipeline/srv'...
Compiling '/home/naysha/ros2_ws/src/final_pipeline/install/final_pipeline/lib/python3.12/site-packages/final_pipeline/srv/__init__.py'...
Compiling '/home/naysha/ros2_ws/src/final_pipeline/install/final_pipeline/lib/python3.12/site-packages/final_pipeline/srv/_get_depth.py'...
Compiling '/home/naysha/ros2_ws/src/final_pipeline/install/final_pipeline/lib/python3.12/site-packages/final_pipeline/srv/_get_gps.py'...
Compiling '/home/naysha/ros2_ws/src/final_pipeline/install/final_pipeline/lib/python3.12/site-packages/final_pipeline/srv/_get_yaw.py'...
-- Installing: /home/naysha/ros2_ws/src/final_pipeline/install/final_pipeline/lib/python3.12/site-packages/final_pipeline/final_pipeline_s__rosidl_typesupport_fastrtps_c.so
-- Set non-toolchain portion of runtime path of "/home/naysha/ros2_ws/src/final_pipeline/install/final_pipeline/lib/python3.12/site-packages/final_pipeline/final_pipeline_s__rosidl_typesupport_fastrtps_c.so" to ""
-- Installing: /home/naysha/ros2_ws/src/final_pipeline/install/final_pipeline/lib/python3.12/site-packages/final_pipeline/final_pipeline_s__rosidl_typesupport_introspection_c.so
-- Set non-toolchain portion of runtime path of "/home/naysha/ros2_ws/src/final_pipeline/install/final_pipeline/lib/python3.12/site-packages/final_pipeline/final_pipeline_s__rosidl_typesupport_introspection_c.so" to ""
-- Installing: /home/naysha/ros2_ws/src/final_pipeline/install/final_pipeline/lib/python3.12/site-packages/final_pipeline/final_pipeline_s__rosidl_typesupport_c.so
-- Set non-toolchain portion of runtime path of "/home/naysha/ros2_ws/src/final_pipeline/install/final_pipeline/lib/python3.12/site-packages/final_pipeline/final_pipeline_s__rosidl_typesupport_c.so" to ""
-- Installing: /home/naysha/ros2_ws/src/final_pipeline/install/final_pipeline/lib/libfinal_pipeline__rosidl_generator_py.so
-- Set non-toolchain portion of runtime path of "/home/naysha/ros2_ws/src/final_pipeline/install/final_pipeline/lib/libfinal_pipeline__rosidl_generator_py.so" to ""
-- Installing: /home/naysha/ros2_ws/src/final_pipeline/install/final_pipeline/share/final_pipeline/srv/GetGPS.idl
-- Installing: /home/naysha/ros2_ws/src/final_pipeline/install/final_pipeline/share/final_pipeline/srv/GetYaw.idl
-- Installing: /home/naysha/ros2_ws/src/final_pipeline/install/final_pipeline/share/final_pipeline/srv/GetDepth.idl
-- Installing: /home/naysha/ros2_ws/src/final_pipeline/install/final_pipeline/share/final_pipeline/srv/GetGPS.srv
-- Installing: /home/naysha/ros2_ws/src/final_pipeline/install/final_pipeline/share/final_pipeline/srv/GetYaw.srv
-- Installing: /home/naysha/ros2_ws/src/final_pipeline/install/final_pipeline/share/final_pipeline/srv/GetDepth.srv
-- Installing: /home/naysha/ros2_ws/src/final_pipeline/install/final_pipeline/lib/final_pipeline/new_pipeline.py
-- Installing: /home/naysha/ros2_ws/src/final_pipeline/install/final_pipeline/share/ament_index/resource_index/package_run_dependencies/final_pipeline
-- Installing: /home/naysha/ros2_ws/src/final_pipeline/install/final_pipeline/share/ament_index/resource_index/parent_prefix_path/final_pipeline
-- Installing: /home/naysha/ros2_ws/src/final_pipeline/install/final_pipeline/share/final_pipeline/environment/ament_prefix_path.sh
-- Installing: /home/naysha/ros2_ws/src/final_pipeline/install/final_pipeline/share/final_pipeline/environment/ament_prefix_path.dsv
-- Installing: /home/naysha/ros2_ws/src/final_pipeline/install/final_pipeline/share/final_pipeline/environment/path.sh
-- Installing: /home/naysha/ros2_ws/src/final_pipeline/install/final_pipeline/share/final_pipeline/environment/path.dsv
-- Installing: /home/naysha/ros2_ws/src/final_pipeline/install/final_pipeline/share/final_pipeline/local_setup.bash
-- Installing: /home/naysha/ros2_ws/src/final_pipeline/install/final_pipeline/share/final_pipeline/local_setup.sh
-- Installing: /home/naysha/ros2_ws/src/final_pipeline/install/final_pipeline/share/final_pipeline/local_setup.zsh
-- Installing: /home/naysha/ros2_ws/src/final_pipeline/install/final_pipeline/share/final_pipeline/local_setup.dsv
-- Installing: /home/naysha/ros2_ws/src/final_pipeline/install/final_pipeline/share/final_pipeline/package.dsv
-- Installing: /home/naysha/ros2_ws/src/final_pipeline/install/final_pipeline/share/ament_index/resource_index/packages/final_pipeline
-- Installing: /home/naysha/ros2_ws/src/final_pipeline/install/final_pipeline/share/final_pipeline/cmake/export_final_pipeline__rosidl_generator_cExport.cmake
-- Installing: /home/naysha/ros2_ws/src/final_pipeline/install/final_pipeline/share/final_pipeline/cmake/export_final_pipeline__rosidl_generator_cExport-noconfig.cmake
-- Installing: /home/naysha/ros2_ws/src/final_pipeline/install/final_pipeline/share/final_pipeline/cmake/export_final_pipeline__rosidl_typesupport_fastrtps_cExport.cmake
-- Installing: /home/naysha/ros2_ws/src/final_pipeline/install/final_pipeline/share/final_pipeline/cmake/export_final_pipeline__rosidl_typesupport_fastrtps_cExport-noconfig.cmake
-- Installing: /home/naysha/ros2_ws/src/final_pipeline/install/final_pipeline/share/final_pipeline/cmake/export_final_pipeline__rosidl_generator_cppExport.cmake
-- Installing: /home/naysha/ros2_ws/src/final_pipeline/install/final_pipeline/share/final_pipeline/cmake/export_final_pipeline__rosidl_typesupport_fastrtps_cppExport.cmake
-- Installing: /home/naysha/ros2_ws/src/final_pipeline/install/final_pipeline/share/final_pipeline/cmake/export_final_pipeline__rosidl_typesupport_fastrtps_cppExport-noconfig.cmake
-- Installing: /home/naysha/ros2_ws/src/final_pipeline/install/final_pipeline/share/final_pipeline/cmake/final_pipeline__rosidl_typesupport_introspection_cExport.cmake
-- Installing: /home/naysha/ros2_ws/src/final_pipeline/install/final_pipeline/share/final_pipeline/cmake/final_pipeline__rosidl_typesupport_introspection_cExport-noconfig.cmake
-- Installing: /home/naysha/ros2_ws/src/final_pipeline/install/final_pipeline/share/final_pipeline/cmake/final_pipeline__rosidl_typesupport_cExport.cmake
-- Installing: /home/naysha/ros2_ws/src/final_pipeline/install/final_pipeline/share/final_pipeline/cmake/final_pipeline__rosidl_typesupport_cExport-noconfig.cmake
-- Installing: /home/naysha/ros2_ws/src/final_pipeline/install/final_pipeline/share/final_pipeline/cmake/final_pipeline__rosidl_typesupport_introspection_cppExport.cmake
-- Installing: /home/naysha/ros2_ws/src/final_pipeline/install/final_pipeline/share/final_pipeline/cmake/final_pipeline__rosidl_typesupport_introspection_cppExport-noconfig.cmake
-- Installing: /home/naysha/ros2_ws/src/final_pipeline/install/final_pipeline/share/final_pipeline/cmake/final_pipeline__rosidl_typesupport_cppExport.cmake
-- Installing: /home/naysha/ros2_ws/src/final_pipeline/install/final_pipeline/share/final_pipeline/cmake/final_pipeline__rosidl_typesupport_cppExport-noconfig.cmake
-- Installing: /home/naysha/ros2_ws/src/final_pipeline/install/final_pipeline/share/final_pipeline/cmake/export_final_pipeline__rosidl_generator_pyExport.cmake
-- Installing: /home/naysha/ros2_ws/src/final_pipeline/install/final_pipeline/share/final_pipeline/cmake/export_final_pipeline__rosidl_generator_pyExport-noconfig.cmake
-- Installing: /home/naysha/ros2_ws/src/final_pipeline/install/final_pipeline/share/final_pipeline/cmake/rosidl_cmake-extras.cmake
-- Installing: /home/naysha/ros2_ws/src/final_pipeline/install/final_pipeline/share/final_pipeline/cmake/ament_cmake_export_dependencies-extras.cmake
-- Installing: /home/naysha/ros2_ws/src/final_pipeline/install/final_pipeline/share/final_pipeline/cmake/ament_cmake_export_include_directories-extras.cmake
-- Installing: /home/naysha/ros2_ws/src/final_pipeline/install/final_pipeline/share/final_pipeline/cmake/ament_cmake_export_libraries-extras.cmake
-- Installing: /home/naysha/ros2_ws/src/final_pipeline/install/final_pipeline/share/final_pipeline/cmake/ament_cmake_export_targets-extras.cmake
-- Installing: /home/naysha/ros2_ws/src/final_pipeline/install/final_pipeline/share/final_pipeline/cmake/rosidl_cmake_export_typesupport_targets-extras.cmake
-- Installing: /home/naysha/ros2_ws/src/final_pipeline/install/final_pipeline/share/final_pipeline/cmake/rosidl_cmake_export_typesupport_libraries-extras.cmake
-- Installing: /home/naysha/ros2_ws/src/final_pipeline/install/final_pipeline/share/final_pipeline/cmake/final_pipelineConfig.cmake
-- Installing: /home/naysha/ros2_ws/src/final_pipeline/install/final_pipeline/share/final_pipeline/cmake/final_pipelineConfig-version.cmake
-- Installing: /home/naysha/ros2_ws/src/final_pipeline/install/final_pipeline/share/final_pipeline/package.xml
