[0.013s] Invoking command in '/home/naysha/ros2_ws/src/final_pipeline/build/final_pipeline': DEBUGINFOD_URLS=https://debuginfod.ubuntu.com /usr/bin/cmake /home/naysha/ros2_ws/src/final_pipeline -DCATKIN_INSTALL_INTO_PREFIX_ROOT=0 -DCATKIN_SYMLINK_INSTALL=ON -DCMAKE_INSTALL_PREFIX=/home/naysha/ros2_ws/src/final_pipeline/install/final_pipeline
[0.103s] -- The C compiler identification is GNU 13.3.0
[0.193s] -- The CXX compiler identification is GNU 13.3.0
[0.224s] -- Detecting C compiler ABI info
[0.371s] -- Detecting C compiler ABI info - done
[0.385s] -- Check for working C compiler: /usr/bin/cc - skipped
[0.386s] -- Detecting C compile features
[0.386s] -- Detecting C compile features - done
[0.403s] -- Detecting CXX compiler ABI info
[0.566s] -- Detecting CXX compiler ABI info - done
[0.584s] -- Check for working CXX compiler: /usr/bin/c++ - skipped
[0.584s] -- Detecting CXX compile features
[0.585s] -- Detecting CXX compile features - done
[0.590s] -- Found ament_cmake: 2.5.4 (/opt/ros/jazzy/share/ament_cmake/cmake)
[0.828s] -- Found Python3: /usr/bin/python3 (found version "3.12.3") found components: Interpreter 
[0.995s] -- Found rclpy: 7.1.4 (/opt/ros/jazzy/share/rclpy/cmake)
[0.999s] -- Found std_msgs: 5.3.6 (/opt/ros/jazzy/share/std_msgs/cmake)
[1.068s] -- Found rosidl_generator_c: 4.6.5 (/opt/ros/jazzy/share/rosidl_generator_c/cmake)
[1.088s] -- Found rosidl_generator_cpp: 4.6.5 (/opt/ros/jazzy/share/rosidl_generator_cpp/cmake)
[1.112s] -- Using all available rosidl_typesupport_c: rosidl_typesupport_fastrtps_c;rosidl_typesupport_introspection_c
[1.140s] -- Using all available rosidl_typesupport_cpp: rosidl_typesupport_fastrtps_cpp;rosidl_typesupport_introspection_cpp
[1.189s] -- Found sensor_msgs: 5.3.6 (/opt/ros/jazzy/share/sensor_msgs/cmake)
[1.259s] -- Found rosidl_default_generators: 1.6.0 (/opt/ros/jazzy/share/rosidl_default_generators/cmake)
[1.280s] -- Found rosidl_adapter: 4.6.5 (/opt/ros/jazzy/share/rosidl_adapter/cmake)
[2.234s] -- Found ament_cmake_ros: 0.12.0 (/opt/ros/jazzy/share/ament_cmake_ros/cmake)
[3.450s] -- Using all available rosidl_typesupport_c: rosidl_typesupport_fastrtps_c;rosidl_typesupport_introspection_c
[3.926s] -- Using all available rosidl_typesupport_cpp: rosidl_typesupport_fastrtps_cpp;rosidl_typesupport_introspection_cpp
[3.932s] -- Found python_cmake_module: 0.11.1 (/opt/ros/jazzy/share/python_cmake_module/cmake)
[4.151s] -- Found PythonExtra: /usr/bin/python3  
[4.781s] -- Found Python3: /usr/bin/python3 (found version "3.12.3") found components: Interpreter Development NumPy Development.Module Development.Embed 
[4.851s] -- Configuring done (4.8s)
[4.938s] -- Generating done (0.1s)
[4.942s] [33mCMake Warning:
[4.942s]   Manually-specified variables were not used by the project:
[4.942s] 
[4.942s]     CATKIN_INSTALL_INTO_PREFIX_ROOT
[4.942s]     CATKIN_SYMLINK_INSTALL
[4.942s] 
[4.943s] [0m
[4.957s] -- Build files have been written to: /home/naysha/ros2_ws/src/final_pipeline/build/final_pipeline
[4.970s] Invoked command in '/home/naysha/ros2_ws/src/final_pipeline/build/final_pipeline' returned '0': DEBUGINFOD_URLS=https://debuginfod.ubuntu.com /usr/bin/cmake /home/naysha/ros2_ws/src/final_pipeline -DCATKIN_INSTALL_INTO_PREFIX_ROOT=0 -DCATKIN_SYMLINK_INSTALL=ON -DCMAKE_INSTALL_PREFIX=/home/naysha/ros2_ws/src/final_pipeline/install/final_pipeline
[4.972s] Invoking command in '/home/naysha/ros2_ws/src/final_pipeline/build/final_pipeline': DEBUGINFOD_URLS=https://debuginfod.ubuntu.com /usr/bin/cmake --build /home/naysha/ros2_ws/src/final_pipeline/build/final_pipeline -- -j12 -l12
[5.060s] [  1%] [34m[1mGenerating type hashes for ROS interfaces[0m
[5.074s] [  1%] Built target ament_cmake_python_copy_final_pipeline
[5.340s] [  1%] Built target final_pipeline__rosidl_generator_type_description
[5.345s] running egg_info
[5.346s] creating final_pipeline.egg-info
[5.358s] [  3%] [34m[1mGenerating C code for ROS interfaces[0m
[5.372s] writing final_pipeline.egg-info/PKG-INFO
[5.372s] writing dependency_links to final_pipeline.egg-info/dependency_links.txt
[5.372s] writing top-level names to final_pipeline.egg-info/top_level.txt
[5.372s] writing manifest file 'final_pipeline.egg-info/SOURCES.txt'
[5.373s] [  5%] [34m[1mGenerating C++ code for ROS interfaces[0m
[5.436s] reading manifest file 'final_pipeline.egg-info/SOURCES.txt'
[5.436s] writing manifest file 'final_pipeline.egg-info/SOURCES.txt'
[5.474s] [  5%] Built target ament_cmake_python_build_final_pipeline_egg
[5.844s] [  5%] Built target final_pipeline__cpp
[5.971s] [  7%] [32mBuilding C object CMakeFiles/final_pipeline__rosidl_generator_c.dir/rosidl_generator_c/final_pipeline/srv/detail/get_gps__type_support.c.o[0m
[5.973s] [  9%] [32mBuilding C object CMakeFiles/final_pipeline__rosidl_generator_c.dir/rosidl_generator_c/final_pipeline/srv/detail/get_yaw__type_support.c.o[0m
[5.973s] [ 11%] [32mBuilding C object CMakeFiles/final_pipeline__rosidl_generator_c.dir/rosidl_generator_c/final_pipeline/srv/detail/get_depth__description.c.o[0m
[5.976s] [ 16%] [32mBuilding C object CMakeFiles/final_pipeline__rosidl_generator_c.dir/rosidl_generator_c/final_pipeline/srv/detail/get_gps__functions.c.o[0m
[5.977s] [ 16%] [32mBuilding C object CMakeFiles/final_pipeline__rosidl_generator_c.dir/rosidl_generator_c/final_pipeline/srv/detail/get_gps__description.c.o[0m
[5.977s] [ 16%] [32mBuilding C object CMakeFiles/final_pipeline__rosidl_generator_c.dir/rosidl_generator_c/final_pipeline/srv/detail/get_yaw__description.c.o[0m
[5.979s] [ 20%] [32mBuilding C object CMakeFiles/final_pipeline__rosidl_generator_c.dir/rosidl_generator_c/final_pipeline/srv/detail/get_depth__functions.c.o[0m
[5.980s] [ 20%] [32mBuilding C object CMakeFiles/final_pipeline__rosidl_generator_c.dir/rosidl_generator_c/final_pipeline/srv/detail/get_yaw__functions.c.o[0m
[5.980s] [ 22%] [32mBuilding C object CMakeFiles/final_pipeline__rosidl_generator_c.dir/rosidl_generator_c/final_pipeline/srv/detail/get_depth__type_support.c.o[0m
[6.123s] [ 24%] [32m[1mLinking C shared library libfinal_pipeline__rosidl_generator_c.so[0m
[6.179s] [ 24%] Built target final_pipeline__rosidl_generator_c
[6.199s] [ 27%] [34m[1mGenerating C++ type support for eProsima Fast-RTPS[0m
[6.199s] [ 29%] [34m[1mGenerating C type support for eProsima Fast-RTPS[0m
[6.200s] [ 29%] [34m[1mGenerating C++ introspection for ROS interfaces[0m
[6.201s] [ 31%] [34m[1mGenerating C++ type support dispatch for ROS interfaces[0m
[6.205s] [ 33%] [34m[1mGenerating C type support dispatch for ROS interfaces[0m
[6.205s] [ 35%] [34m[1mGenerating C introspection for ROS interfaces[0m
[6.600s] [ 38%] [32mBuilding CXX object CMakeFiles/final_pipeline__rosidl_typesupport_c.dir/rosidl_typesupport_c/final_pipeline/srv/get_gps__type_support.cpp.o[0m
[6.600s] [ 38%] [32mBuilding CXX object CMakeFiles/final_pipeline__rosidl_typesupport_c.dir/rosidl_typesupport_c/final_pipeline/srv/get_yaw__type_support.cpp.o[0m
[6.604s] [ 40%] [32mBuilding CXX object CMakeFiles/final_pipeline__rosidl_typesupport_c.dir/rosidl_typesupport_c/final_pipeline/srv/get_depth__type_support.cpp.o[0m
[6.629s] [ 46%] [32mBuilding CXX object CMakeFiles/final_pipeline__rosidl_typesupport_cpp.dir/rosidl_typesupport_cpp/final_pipeline/srv/get_gps__type_support.cpp.o[0m
[6.630s] [ 46%] [32mBuilding CXX object CMakeFiles/final_pipeline__rosidl_typesupport_cpp.dir/rosidl_typesupport_cpp/final_pipeline/srv/get_depth__type_support.cpp.o[0m
[6.630s] [ 46%] [32mBuilding CXX object CMakeFiles/final_pipeline__rosidl_typesupport_cpp.dir/rosidl_typesupport_cpp/final_pipeline/srv/get_yaw__type_support.cpp.o[0m
[6.683s] [ 48%] [32m[1mLinking CXX shared library libfinal_pipeline__rosidl_typesupport_c.so[0m
[6.763s] [ 48%] Built target final_pipeline__rosidl_typesupport_c
[6.802s] [ 50%] [32mBuilding CXX object CMakeFiles/final_pipeline__rosidl_typesupport_fastrtps_cpp.dir/rosidl_typesupport_fastrtps_cpp/final_pipeline/srv/detail/dds_fastrtps/get_gps__type_support.cpp.o[0m
[6.802s] [ 51%] [32mBuilding CXX object CMakeFiles/final_pipeline__rosidl_typesupport_fastrtps_cpp.dir/rosidl_typesupport_fastrtps_cpp/final_pipeline/srv/detail/dds_fastrtps/get_yaw__type_support.cpp.o[0m
[6.809s] [ 53%] [32mBuilding CXX object CMakeFiles/final_pipeline__rosidl_typesupport_fastrtps_cpp.dir/rosidl_typesupport_fastrtps_cpp/final_pipeline/srv/detail/dds_fastrtps/get_depth__type_support.cpp.o[0m
[6.824s] [ 55%] [32mBuilding CXX object CMakeFiles/final_pipeline__rosidl_typesupport_fastrtps_c.dir/rosidl_typesupport_fastrtps_c/final_pipeline/srv/detail/get_gps__type_support_c.cpp.o[0m
[6.830s] [ 59%] [32mBuilding CXX object CMakeFiles/final_pipeline__rosidl_typesupport_fastrtps_c.dir/rosidl_typesupport_fastrtps_c/final_pipeline/srv/detail/get_yaw__type_support_c.cpp.o[0m
[6.831s] [ 59%] [32mBuilding CXX object CMakeFiles/final_pipeline__rosidl_typesupport_fastrtps_c.dir/rosidl_typesupport_fastrtps_c/final_pipeline/srv/detail/get_depth__type_support_c.cpp.o[0m
[6.924s] [ 61%] [32mBuilding C object CMakeFiles/final_pipeline__rosidl_typesupport_introspection_c.dir/rosidl_typesupport_introspection_c/final_pipeline/srv/detail/get_gps__type_support.c.o[0m
[6.931s] [ 62%] [32mBuilding C object CMakeFiles/final_pipeline__rosidl_typesupport_introspection_c.dir/rosidl_typesupport_introspection_c/final_pipeline/srv/detail/get_yaw__type_support.c.o[0m
[6.942s] [ 64%] [32mBuilding CXX object CMakeFiles/final_pipeline__rosidl_typesupport_introspection_cpp.dir/rosidl_typesupport_introspection_cpp/final_pipeline/srv/detail/get_gps__type_support.cpp.o[0m
[7.016s] [ 66%] [32mBuilding CXX object CMakeFiles/final_pipeline__rosidl_typesupport_introspection_cpp.dir/rosidl_typesupport_introspection_cpp/final_pipeline/srv/detail/get_yaw__type_support.cpp.o[0m
[7.017s] [ 68%] [32mBuilding C object CMakeFiles/final_pipeline__rosidl_typesupport_introspection_c.dir/rosidl_typesupport_introspection_c/final_pipeline/srv/detail/get_depth__type_support.c.o[0m
[7.111s] [ 70%] [32m[1mLinking C shared library libfinal_pipeline__rosidl_typesupport_introspection_c.so[0m
[7.176s] [ 70%] Built target final_pipeline__rosidl_typesupport_introspection_c
[7.193s] [ 72%] [32mBuilding CXX object CMakeFiles/final_pipeline__rosidl_typesupport_introspection_cpp.dir/rosidl_typesupport_introspection_cpp/final_pipeline/srv/detail/get_depth__type_support.cpp.o[0m
[7.302s] [ 74%] [32m[1mLinking CXX shared library libfinal_pipeline__rosidl_typesupport_cpp.so[0m
[7.462s] [ 74%] Built target final_pipeline__rosidl_typesupport_cpp
[7.814s] [ 75%] [32m[1mLinking CXX shared library libfinal_pipeline__rosidl_typesupport_fastrtps_c.so[0m
[7.855s] [ 77%] [32m[1mLinking CXX shared library libfinal_pipeline__rosidl_typesupport_introspection_cpp.so[0m
[7.882s] [ 77%] Built target final_pipeline__rosidl_typesupport_fastrtps_c
[7.938s] [ 79%] [32m[1mLinking CXX shared library libfinal_pipeline__rosidl_typesupport_fastrtps_cpp.so[0m
[7.951s] [ 79%] Built target final_pipeline__rosidl_typesupport_introspection_cpp
[8.035s] [ 79%] Built target final_pipeline__rosidl_typesupport_fastrtps_cpp
[8.070s] [ 79%] Built target final_pipeline
[8.101s] [ 81%] [34m[1mGenerating Python code for ROS interfaces[0m
[8.818s] [ 81%] Built target final_pipeline__py
[8.856s] [ 83%] [32mBuilding C object CMakeFiles/final_pipeline__rosidl_generator_py.dir/rosidl_generator_py/final_pipeline/srv/_get_depth_s.c.o[0m
[8.856s] [ 85%] [32mBuilding C object CMakeFiles/final_pipeline__rosidl_generator_py.dir/rosidl_generator_py/final_pipeline/srv/_get_yaw_s.c.o[0m
[8.857s] [ 87%] [32mBuilding C object CMakeFiles/final_pipeline__rosidl_generator_py.dir/rosidl_generator_py/final_pipeline/srv/_get_gps_s.c.o[0m
[9.032s] [ 88%] [32m[1mLinking C shared library libfinal_pipeline__rosidl_generator_py.so[0m
[9.099s] [ 88%] Built target final_pipeline__rosidl_generator_py
[9.135s] [ 90%] [32mBuilding C object CMakeFiles/final_pipeline_s__rosidl_typesupport_c.dir/rosidl_generator_py/final_pipeline/_final_pipeline_s.ep.rosidl_typesupport_c.c.o[0m
[9.135s] [ 92%] [32mBuilding C object CMakeFiles/final_pipeline_s__rosidl_typesupport_fastrtps_c.dir/rosidl_generator_py/final_pipeline/_final_pipeline_s.ep.rosidl_typesupport_fastrtps_c.c.o[0m
[9.141s] [ 94%] [32mBuilding C object CMakeFiles/final_pipeline_s__rosidl_typesupport_introspection_c.dir/rosidl_generator_py/final_pipeline/_final_pipeline_s.ep.rosidl_typesupport_introspection_c.c.o[0m
[9.289s] [ 96%] [32m[1mLinking C shared module rosidl_generator_py/final_pipeline/final_pipeline_s__rosidl_typesupport_c.so[0m
[9.290s] [ 98%] [32m[1mLinking C shared module rosidl_generator_py/final_pipeline/final_pipeline_s__rosidl_typesupport_introspection_c.so[0m
[9.297s] [100%] [32m[1mLinking C shared module rosidl_generator_py/final_pipeline/final_pipeline_s__rosidl_typesupport_fastrtps_c.so[0m
[9.330s] [100%] Built target final_pipeline_s__rosidl_typesupport_c
[9.333s] [100%] Built target final_pipeline_s__rosidl_typesupport_introspection_c
[9.342s] [100%] Built target final_pipeline_s__rosidl_typesupport_fastrtps_c
[9.363s] Invoked command in '/home/naysha/ros2_ws/src/final_pipeline/build/final_pipeline' returned '0': DEBUGINFOD_URLS=https://debuginfod.ubuntu.com /usr/bin/cmake --build /home/naysha/ros2_ws/src/final_pipeline/build/final_pipeline -- -j12 -l12
[9.382s] Invoking command in '/home/naysha/ros2_ws/src/final_pipeline/build/final_pipeline': DEBUGINFOD_URLS=https://debuginfod.ubuntu.com /usr/bin/cmake --install /home/naysha/ros2_ws/src/final_pipeline/build/final_pipeline
[9.394s] -- Install configuration: ""
[9.395s] -- Installing: /home/naysha/ros2_ws/src/final_pipeline/install/final_pipeline/share/ament_index/resource_index/rosidl_interfaces/final_pipeline
[9.395s] -- Installing: /home/naysha/ros2_ws/src/final_pipeline/install/final_pipeline/share/final_pipeline/srv/GetGPS.json
[9.395s] -- Installing: /home/naysha/ros2_ws/src/final_pipeline/install/final_pipeline/share/final_pipeline/srv/GetYaw.json
[9.395s] -- Installing: /home/naysha/ros2_ws/src/final_pipeline/install/final_pipeline/share/final_pipeline/srv/GetDepth.json
[9.395s] -- Installing: /home/naysha/ros2_ws/src/final_pipeline/install/final_pipeline/include/final_pipeline/final_pipeline
[9.395s] -- Installing: /home/naysha/ros2_ws/src/final_pipeline/install/final_pipeline/include/final_pipeline/final_pipeline/msg
[9.395s] -- Installing: /home/naysha/ros2_ws/src/final_pipeline/install/final_pipeline/include/final_pipeline/final_pipeline/msg/rosidl_generator_c__visibility_control.h
[9.396s] -- Installing: /home/naysha/ros2_ws/src/final_pipeline/install/final_pipeline/include/final_pipeline/final_pipeline/srv
[9.396s] -- Installing: /home/naysha/ros2_ws/src/final_pipeline/install/final_pipeline/include/final_pipeline/final_pipeline/srv/detail
[9.396s] -- Installing: /home/naysha/ros2_ws/src/final_pipeline/install/final_pipeline/include/final_pipeline/final_pipeline/srv/detail/get_gps__type_support.c
[9.396s] -- Installing: /home/naysha/ros2_ws/src/final_pipeline/install/final_pipeline/include/final_pipeline/final_pipeline/srv/detail/get_gps__struct.h
[9.396s] -- Installing: /home/naysha/ros2_ws/src/final_pipeline/install/final_pipeline/include/final_pipeline/final_pipeline/srv/detail/get_gps__description.c
[9.396s] -- Installing: /home/naysha/ros2_ws/src/final_pipeline/install/final_pipeline/include/final_pipeline/final_pipeline/srv/detail/get_depth__struct.h
[9.396s] -- Installing: /home/naysha/ros2_ws/src/final_pipeline/install/final_pipeline/include/final_pipeline/final_pipeline/srv/detail/get_yaw__type_support.h
[9.396s] -- Installing: /home/naysha/ros2_ws/src/final_pipeline/install/final_pipeline/include/final_pipeline/final_pipeline/srv/detail/get_yaw__type_support.c
[9.396s] -- Installing: /home/naysha/ros2_ws/src/final_pipeline/install/final_pipeline/include/final_pipeline/final_pipeline/srv/detail/get_yaw__struct.h
[9.396s] -- Installing: /home/naysha/ros2_ws/src/final_pipeline/install/final_pipeline/include/final_pipeline/final_pipeline/srv/detail/get_yaw__description.c
[9.397s] -- Installing: /home/naysha/ros2_ws/src/final_pipeline/install/final_pipeline/include/final_pipeline/final_pipeline/srv/detail/get_gps__functions.h
[9.397s] -- Installing: /home/naysha/ros2_ws/src/final_pipeline/install/final_pipeline/include/final_pipeline/final_pipeline/srv/detail/get_depth__functions.h
[9.397s] -- Installing: /home/naysha/ros2_ws/src/final_pipeline/install/final_pipeline/include/final_pipeline/final_pipeline/srv/detail/get_depth__type_support.c
[9.397s] -- Installing: /home/naysha/ros2_ws/src/final_pipeline/install/final_pipeline/include/final_pipeline/final_pipeline/srv/detail/get_yaw__functions.c
[9.397s] -- Installing: /home/naysha/ros2_ws/src/final_pipeline/install/final_pipeline/include/final_pipeline/final_pipeline/srv/detail/get_gps__type_support.h
[9.397s] -- Installing: /home/naysha/ros2_ws/src/final_pipeline/install/final_pipeline/include/final_pipeline/final_pipeline/srv/detail/get_depth__functions.c
[9.397s] -- Installing: /home/naysha/ros2_ws/src/final_pipeline/install/final_pipeline/include/final_pipeline/final_pipeline/srv/detail/get_depth__type_support.h
[9.397s] -- Installing: /home/naysha/ros2_ws/src/final_pipeline/install/final_pipeline/include/final_pipeline/final_pipeline/srv/detail/get_yaw__functions.h
[9.398s] -- Installing: /home/naysha/ros2_ws/src/final_pipeline/install/final_pipeline/include/final_pipeline/final_pipeline/srv/detail/get_depth__description.c
[9.398s] -- Installing: /home/naysha/ros2_ws/src/final_pipeline/install/final_pipeline/include/final_pipeline/final_pipeline/srv/detail/get_gps__functions.c
[9.398s] -- Installing: /home/naysha/ros2_ws/src/final_pipeline/install/final_pipeline/include/final_pipeline/final_pipeline/srv/get_yaw.h
[9.398s] -- Installing: /home/naysha/ros2_ws/src/final_pipeline/install/final_pipeline/include/final_pipeline/final_pipeline/srv/get_gps.h
[9.398s] -- Installing: /home/naysha/ros2_ws/src/final_pipeline/install/final_pipeline/include/final_pipeline/final_pipeline/srv/get_depth.h
[9.398s] -- Installing: /home/naysha/ros2_ws/src/final_pipeline/install/final_pipeline/share/final_pipeline/environment/library_path.sh
[9.398s] -- Installing: /home/naysha/ros2_ws/src/final_pipeline/install/final_pipeline/share/final_pipeline/environment/library_path.dsv
[9.398s] -- Installing: /home/naysha/ros2_ws/src/final_pipeline/install/final_pipeline/lib/libfinal_pipeline__rosidl_generator_c.so
[9.398s] -- Set non-toolchain portion of runtime path of "/home/naysha/ros2_ws/src/final_pipeline/install/final_pipeline/lib/libfinal_pipeline__rosidl_generator_c.so" to ""
[9.398s] -- Up-to-date: /home/naysha/ros2_ws/src/final_pipeline/install/final_pipeline/include/final_pipeline/final_pipeline
[9.399s] -- Up-to-date: /home/naysha/ros2_ws/src/final_pipeline/install/final_pipeline/include/final_pipeline/final_pipeline/msg
[9.399s] -- Installing: /home/naysha/ros2_ws/src/final_pipeline/install/final_pipeline/include/final_pipeline/final_pipeline/msg/rosidl_typesupport_fastrtps_c__visibility_control.h
[9.399s] -- Up-to-date: /home/naysha/ros2_ws/src/final_pipeline/install/final_pipeline/include/final_pipeline/final_pipeline/srv
[9.399s] -- Up-to-date: /home/naysha/ros2_ws/src/final_pipeline/install/final_pipeline/include/final_pipeline/final_pipeline/srv/detail
[9.399s] -- Installing: /home/naysha/ros2_ws/src/final_pipeline/install/final_pipeline/include/final_pipeline/final_pipeline/srv/detail/get_gps__rosidl_typesupport_fastrtps_c.h
[9.399s] -- Installing: /home/naysha/ros2_ws/src/final_pipeline/install/final_pipeline/include/final_pipeline/final_pipeline/srv/detail/get_yaw__rosidl_typesupport_fastrtps_c.h
[9.399s] -- Installing: /home/naysha/ros2_ws/src/final_pipeline/install/final_pipeline/include/final_pipeline/final_pipeline/srv/detail/get_depth__rosidl_typesupport_fastrtps_c.h
[9.399s] -- Installing: /home/naysha/ros2_ws/src/final_pipeline/install/final_pipeline/lib/libfinal_pipeline__rosidl_typesupport_fastrtps_c.so
[9.399s] -- Set non-toolchain portion of runtime path of "/home/naysha/ros2_ws/src/final_pipeline/install/final_pipeline/lib/libfinal_pipeline__rosidl_typesupport_fastrtps_c.so" to ""
[9.400s] -- Up-to-date: /home/naysha/ros2_ws/src/final_pipeline/install/final_pipeline/include/final_pipeline/final_pipeline
[9.400s] -- Up-to-date: /home/naysha/ros2_ws/src/final_pipeline/install/final_pipeline/include/final_pipeline/final_pipeline/msg
[9.400s] -- Installing: /home/naysha/ros2_ws/src/final_pipeline/install/final_pipeline/include/final_pipeline/final_pipeline/msg/rosidl_generator_cpp__visibility_control.hpp
[9.400s] -- Up-to-date: /home/naysha/ros2_ws/src/final_pipeline/install/final_pipeline/include/final_pipeline/final_pipeline/srv
[9.400s] -- Up-to-date: /home/naysha/ros2_ws/src/final_pipeline/install/final_pipeline/include/final_pipeline/final_pipeline/srv/detail
[9.400s] -- Installing: /home/naysha/ros2_ws/src/final_pipeline/install/final_pipeline/include/final_pipeline/final_pipeline/srv/detail/get_depth__type_support.hpp
[9.400s] -- Installing: /home/naysha/ros2_ws/src/final_pipeline/install/final_pipeline/include/final_pipeline/final_pipeline/srv/detail/get_yaw__struct.hpp
[9.400s] -- Installing: /home/naysha/ros2_ws/src/final_pipeline/install/final_pipeline/include/final_pipeline/final_pipeline/srv/detail/get_depth__struct.hpp
[9.400s] -- Installing: /home/naysha/ros2_ws/src/final_pipeline/install/final_pipeline/include/final_pipeline/final_pipeline/srv/detail/get_yaw__builder.hpp
[9.400s] -- Installing: /home/naysha/ros2_ws/src/final_pipeline/install/final_pipeline/include/final_pipeline/final_pipeline/srv/detail/get_yaw__type_support.hpp
[9.400s] -- Installing: /home/naysha/ros2_ws/src/final_pipeline/install/final_pipeline/include/final_pipeline/final_pipeline/srv/detail/get_gps__type_support.hpp
[9.401s] -- Installing: /home/naysha/ros2_ws/src/final_pipeline/install/final_pipeline/include/final_pipeline/final_pipeline/srv/detail/get_gps__traits.hpp
[9.401s] -- Installing: /home/naysha/ros2_ws/src/final_pipeline/install/final_pipeline/include/final_pipeline/final_pipeline/srv/detail/get_yaw__traits.hpp
[9.401s] -- Installing: /home/naysha/ros2_ws/src/final_pipeline/install/final_pipeline/include/final_pipeline/final_pipeline/srv/detail/get_gps__struct.hpp
[9.401s] -- Installing: /home/naysha/ros2_ws/src/final_pipeline/install/final_pipeline/include/final_pipeline/final_pipeline/srv/detail/get_depth__traits.hpp
[9.401s] -- Installing: /home/naysha/ros2_ws/src/final_pipeline/install/final_pipeline/include/final_pipeline/final_pipeline/srv/detail/get_depth__builder.hpp
[9.401s] -- Installing: /home/naysha/ros2_ws/src/final_pipeline/install/final_pipeline/include/final_pipeline/final_pipeline/srv/detail/get_gps__builder.hpp
[9.401s] -- Installing: /home/naysha/ros2_ws/src/final_pipeline/install/final_pipeline/include/final_pipeline/final_pipeline/srv/get_depth.hpp
[9.401s] -- Installing: /home/naysha/ros2_ws/src/final_pipeline/install/final_pipeline/include/final_pipeline/final_pipeline/srv/get_yaw.hpp
[9.401s] -- Installing: /home/naysha/ros2_ws/src/final_pipeline/install/final_pipeline/include/final_pipeline/final_pipeline/srv/get_gps.hpp
[9.401s] -- Up-to-date: /home/naysha/ros2_ws/src/final_pipeline/install/final_pipeline/include/final_pipeline/final_pipeline
[9.401s] -- Up-to-date: /home/naysha/ros2_ws/src/final_pipeline/install/final_pipeline/include/final_pipeline/final_pipeline/msg
[9.402s] -- Installing: /home/naysha/ros2_ws/src/final_pipeline/install/final_pipeline/include/final_pipeline/final_pipeline/msg/rosidl_typesupport_fastrtps_cpp__visibility_control.h
[9.402s] -- Up-to-date: /home/naysha/ros2_ws/src/final_pipeline/install/final_pipeline/include/final_pipeline/final_pipeline/srv
[9.402s] -- Up-to-date: /home/naysha/ros2_ws/src/final_pipeline/install/final_pipeline/include/final_pipeline/final_pipeline/srv/detail
[9.402s] -- Installing: /home/naysha/ros2_ws/src/final_pipeline/install/final_pipeline/include/final_pipeline/final_pipeline/srv/detail/get_depth__rosidl_typesupport_fastrtps_cpp.hpp
[9.402s] -- Installing: /home/naysha/ros2_ws/src/final_pipeline/install/final_pipeline/include/final_pipeline/final_pipeline/srv/detail/get_yaw__rosidl_typesupport_fastrtps_cpp.hpp
[9.402s] -- Installing: /home/naysha/ros2_ws/src/final_pipeline/install/final_pipeline/include/final_pipeline/final_pipeline/srv/detail/get_gps__rosidl_typesupport_fastrtps_cpp.hpp
[9.402s] -- Installing: /home/naysha/ros2_ws/src/final_pipeline/install/final_pipeline/include/final_pipeline/final_pipeline/srv/detail/dds_fastrtps
[9.402s] -- Installing: /home/naysha/ros2_ws/src/final_pipeline/install/final_pipeline/lib/libfinal_pipeline__rosidl_typesupport_fastrtps_cpp.so
[9.402s] -- Set non-toolchain portion of runtime path of "/home/naysha/ros2_ws/src/final_pipeline/install/final_pipeline/lib/libfinal_pipeline__rosidl_typesupport_fastrtps_cpp.so" to ""
[9.403s] -- Up-to-date: /home/naysha/ros2_ws/src/final_pipeline/install/final_pipeline/include/final_pipeline/final_pipeline
[9.403s] -- Up-to-date: /home/naysha/ros2_ws/src/final_pipeline/install/final_pipeline/include/final_pipeline/final_pipeline/msg
[9.403s] -- Installing: /home/naysha/ros2_ws/src/final_pipeline/install/final_pipeline/include/final_pipeline/final_pipeline/msg/rosidl_typesupport_introspection_c__visibility_control.h
[9.403s] -- Up-to-date: /home/naysha/ros2_ws/src/final_pipeline/install/final_pipeline/include/final_pipeline/final_pipeline/srv
[9.403s] -- Up-to-date: /home/naysha/ros2_ws/src/final_pipeline/install/final_pipeline/include/final_pipeline/final_pipeline/srv/detail
[9.403s] -- Installing: /home/naysha/ros2_ws/src/final_pipeline/install/final_pipeline/include/final_pipeline/final_pipeline/srv/detail/get_gps__type_support.c
[9.403s] -- Installing: /home/naysha/ros2_ws/src/final_pipeline/install/final_pipeline/include/final_pipeline/final_pipeline/srv/detail/get_yaw__type_support.c
[9.403s] -- Installing: /home/naysha/ros2_ws/src/final_pipeline/install/final_pipeline/include/final_pipeline/final_pipeline/srv/detail/get_gps__rosidl_typesupport_introspection_c.h
[9.403s] -- Installing: /home/naysha/ros2_ws/src/final_pipeline/install/final_pipeline/include/final_pipeline/final_pipeline/srv/detail/get_depth__type_support.c
[9.403s] -- Installing: /home/naysha/ros2_ws/src/final_pipeline/install/final_pipeline/include/final_pipeline/final_pipeline/srv/detail/get_depth__rosidl_typesupport_introspection_c.h
[9.404s] -- Installing: /home/naysha/ros2_ws/src/final_pipeline/install/final_pipeline/include/final_pipeline/final_pipeline/srv/detail/get_yaw__rosidl_typesupport_introspection_c.h
[9.404s] -- Installing: /home/naysha/ros2_ws/src/final_pipeline/install/final_pipeline/lib/libfinal_pipeline__rosidl_typesupport_introspection_c.so
[9.404s] -- Set non-toolchain portion of runtime path of "/home/naysha/ros2_ws/src/final_pipeline/install/final_pipeline/lib/libfinal_pipeline__rosidl_typesupport_introspection_c.so" to ""
[9.404s] -- Installing: /home/naysha/ros2_ws/src/final_pipeline/install/final_pipeline/lib/libfinal_pipeline__rosidl_typesupport_c.so
[9.404s] -- Set non-toolchain portion of runtime path of "/home/naysha/ros2_ws/src/final_pipeline/install/final_pipeline/lib/libfinal_pipeline__rosidl_typesupport_c.so" to ""
[9.404s] -- Up-to-date: /home/naysha/ros2_ws/src/final_pipeline/install/final_pipeline/include/final_pipeline/final_pipeline
[9.405s] -- Up-to-date: /home/naysha/ros2_ws/src/final_pipeline/install/final_pipeline/include/final_pipeline/final_pipeline/srv
[9.405s] -- Up-to-date: /home/naysha/ros2_ws/src/final_pipeline/install/final_pipeline/include/final_pipeline/final_pipeline/srv/detail
[9.405s] -- Installing: /home/naysha/ros2_ws/src/final_pipeline/install/final_pipeline/include/final_pipeline/final_pipeline/srv/detail/get_yaw__rosidl_typesupport_introspection_cpp.hpp
[9.405s] -- Installing: /home/naysha/ros2_ws/src/final_pipeline/install/final_pipeline/include/final_pipeline/final_pipeline/srv/detail/get_gps__rosidl_typesupport_introspection_cpp.hpp
[9.405s] -- Installing: /home/naysha/ros2_ws/src/final_pipeline/install/final_pipeline/include/final_pipeline/final_pipeline/srv/detail/get_depth__rosidl_typesupport_introspection_cpp.hpp
[9.405s] -- Installing: /home/naysha/ros2_ws/src/final_pipeline/install/final_pipeline/include/final_pipeline/final_pipeline/srv/detail/get_yaw__type_support.cpp
[9.405s] -- Installing: /home/naysha/ros2_ws/src/final_pipeline/install/final_pipeline/include/final_pipeline/final_pipeline/srv/detail/get_gps__type_support.cpp
[9.405s] -- Installing: /home/naysha/ros2_ws/src/final_pipeline/install/final_pipeline/include/final_pipeline/final_pipeline/srv/detail/get_depth__type_support.cpp
[9.405s] -- Installing: /home/naysha/ros2_ws/src/final_pipeline/install/final_pipeline/lib/libfinal_pipeline__rosidl_typesupport_introspection_cpp.so
[9.406s] -- Set non-toolchain portion of runtime path of "/home/naysha/ros2_ws/src/final_pipeline/install/final_pipeline/lib/libfinal_pipeline__rosidl_typesupport_introspection_cpp.so" to ""
[9.406s] -- Installing: /home/naysha/ros2_ws/src/final_pipeline/install/final_pipeline/lib/libfinal_pipeline__rosidl_typesupport_cpp.so
[9.407s] -- Set non-toolchain portion of runtime path of "/home/naysha/ros2_ws/src/final_pipeline/install/final_pipeline/lib/libfinal_pipeline__rosidl_typesupport_cpp.so" to ""
[9.407s] -- Installing: /home/naysha/ros2_ws/src/final_pipeline/install/final_pipeline/share/final_pipeline/environment/pythonpath.sh
[9.407s] -- Installing: /home/naysha/ros2_ws/src/final_pipeline/install/final_pipeline/share/final_pipeline/environment/pythonpath.dsv
[9.407s] -- Installing: /home/naysha/ros2_ws/src/final_pipeline/install/final_pipeline/lib/python3.12/site-packages/final_pipeline-0.0.1-py3.12.egg-info
[9.407s] -- Installing: /home/naysha/ros2_ws/src/final_pipeline/install/final_pipeline/lib/python3.12/site-packages/final_pipeline-0.0.1-py3.12.egg-info/dependency_links.txt
[9.407s] -- Installing: /home/naysha/ros2_ws/src/final_pipeline/install/final_pipeline/lib/python3.12/site-packages/final_pipeline-0.0.1-py3.12.egg-info/PKG-INFO
[9.407s] -- Installing: /home/naysha/ros2_ws/src/final_pipeline/install/final_pipeline/lib/python3.12/site-packages/final_pipeline-0.0.1-py3.12.egg-info/SOURCES.txt
[9.407s] -- Installing: /home/naysha/ros2_ws/src/final_pipeline/install/final_pipeline/lib/python3.12/site-packages/final_pipeline-0.0.1-py3.12.egg-info/top_level.txt
[9.407s] -- Installing: /home/naysha/ros2_ws/src/final_pipeline/install/final_pipeline/lib/python3.12/site-packages/final_pipeline
[9.408s] -- Installing: /home/naysha/ros2_ws/src/final_pipeline/install/final_pipeline/lib/python3.12/site-packages/final_pipeline/final_pipeline_s__rosidl_typesupport_fastrtps_c.so
[9.408s] -- Installing: /home/naysha/ros2_ws/src/final_pipeline/install/final_pipeline/lib/python3.12/site-packages/final_pipeline/_final_pipeline_s.ep.rosidl_typesupport_c.c
[9.408s] -- Installing: /home/naysha/ros2_ws/src/final_pipeline/install/final_pipeline/lib/python3.12/site-packages/final_pipeline/final_pipeline_s__rosidl_typesupport_introspection_c.so
[9.408s] -- Installing: /home/naysha/ros2_ws/src/final_pipeline/install/final_pipeline/lib/python3.12/site-packages/final_pipeline/__init__.py
[9.408s] -- Installing: /home/naysha/ros2_ws/src/final_pipeline/install/final_pipeline/lib/python3.12/site-packages/final_pipeline/srv
[9.408s] -- Installing: /home/naysha/ros2_ws/src/final_pipeline/install/final_pipeline/lib/python3.12/site-packages/final_pipeline/srv/_get_yaw_s.c
[9.409s] -- Installing: /home/naysha/ros2_ws/src/final_pipeline/install/final_pipeline/lib/python3.12/site-packages/final_pipeline/srv/_get_yaw.py
[9.409s] -- Installing: /home/naysha/ros2_ws/src/final_pipeline/install/final_pipeline/lib/python3.12/site-packages/final_pipeline/srv/_get_gps_s.c
[9.409s] -- Installing: /home/naysha/ros2_ws/src/final_pipeline/install/final_pipeline/lib/python3.12/site-packages/final_pipeline/srv/__init__.py
[9.409s] -- Installing: /home/naysha/ros2_ws/src/final_pipeline/install/final_pipeline/lib/python3.12/site-packages/final_pipeline/srv/_get_gps.py
[9.409s] -- Installing: /home/naysha/ros2_ws/src/final_pipeline/install/final_pipeline/lib/python3.12/site-packages/final_pipeline/srv/_get_depth_s.c
[9.409s] -- Installing: /home/naysha/ros2_ws/src/final_pipeline/install/final_pipeline/lib/python3.12/site-packages/final_pipeline/srv/_get_depth.py
[9.409s] -- Installing: /home/naysha/ros2_ws/src/final_pipeline/install/final_pipeline/lib/python3.12/site-packages/final_pipeline/_final_pipeline_s.ep.rosidl_typesupport_fastrtps_c.c
[9.409s] -- Installing: /home/naysha/ros2_ws/src/final_pipeline/install/final_pipeline/lib/python3.12/site-packages/final_pipeline/final_pipeline_s__rosidl_typesupport_c.so
[9.409s] -- Installing: /home/naysha/ros2_ws/src/final_pipeline/install/final_pipeline/lib/python3.12/site-packages/final_pipeline/_final_pipeline_s.ep.rosidl_typesupport_introspection_c.c
[9.471s] Listing '/home/naysha/ros2_ws/src/final_pipeline/install/final_pipeline/lib/python3.12/site-packages/final_pipeline'...
[9.471s] Compiling '/home/naysha/ros2_ws/src/final_pipeline/install/final_pipeline/lib/python3.12/site-packages/final_pipeline/__init__.py'...
[9.471s] Listing '/home/naysha/ros2_ws/src/final_pipeline/install/final_pipeline/lib/python3.12/site-packages/final_pipeline/srv'...
[9.471s] Compiling '/home/naysha/ros2_ws/src/final_pipeline/install/final_pipeline/lib/python3.12/site-packages/final_pipeline/srv/__init__.py'...
[9.471s] Compiling '/home/naysha/ros2_ws/src/final_pipeline/install/final_pipeline/lib/python3.12/site-packages/final_pipeline/srv/_get_depth.py'...
[9.471s] Compiling '/home/naysha/ros2_ws/src/final_pipeline/install/final_pipeline/lib/python3.12/site-packages/final_pipeline/srv/_get_gps.py'...
[9.471s] Compiling '/home/naysha/ros2_ws/src/final_pipeline/install/final_pipeline/lib/python3.12/site-packages/final_pipeline/srv/_get_yaw.py'...
[9.478s] -- Installing: /home/naysha/ros2_ws/src/final_pipeline/install/final_pipeline/lib/python3.12/site-packages/final_pipeline/final_pipeline_s__rosidl_typesupport_fastrtps_c.so
[9.478s] -- Set non-toolchain portion of runtime path of "/home/naysha/ros2_ws/src/final_pipeline/install/final_pipeline/lib/python3.12/site-packages/final_pipeline/final_pipeline_s__rosidl_typesupport_fastrtps_c.so" to ""
[9.478s] -- Installing: /home/naysha/ros2_ws/src/final_pipeline/install/final_pipeline/lib/python3.12/site-packages/final_pipeline/final_pipeline_s__rosidl_typesupport_introspection_c.so
[9.478s] -- Set non-toolchain portion of runtime path of "/home/naysha/ros2_ws/src/final_pipeline/install/final_pipeline/lib/python3.12/site-packages/final_pipeline/final_pipeline_s__rosidl_typesupport_introspection_c.so" to ""
[9.479s] -- Installing: /home/naysha/ros2_ws/src/final_pipeline/install/final_pipeline/lib/python3.12/site-packages/final_pipeline/final_pipeline_s__rosidl_typesupport_c.so
[9.479s] -- Set non-toolchain portion of runtime path of "/home/naysha/ros2_ws/src/final_pipeline/install/final_pipeline/lib/python3.12/site-packages/final_pipeline/final_pipeline_s__rosidl_typesupport_c.so" to ""
[9.479s] -- Installing: /home/naysha/ros2_ws/src/final_pipeline/install/final_pipeline/lib/libfinal_pipeline__rosidl_generator_py.so
[9.479s] -- Set non-toolchain portion of runtime path of "/home/naysha/ros2_ws/src/final_pipeline/install/final_pipeline/lib/libfinal_pipeline__rosidl_generator_py.so" to ""
[9.479s] -- Installing: /home/naysha/ros2_ws/src/final_pipeline/install/final_pipeline/share/final_pipeline/srv/GetGPS.idl
[9.479s] -- Installing: /home/naysha/ros2_ws/src/final_pipeline/install/final_pipeline/share/final_pipeline/srv/GetYaw.idl
[9.480s] -- Installing: /home/naysha/ros2_ws/src/final_pipeline/install/final_pipeline/share/final_pipeline/srv/GetDepth.idl
[9.480s] -- Installing: /home/naysha/ros2_ws/src/final_pipeline/install/final_pipeline/share/final_pipeline/srv/GetGPS.srv
[9.480s] -- Installing: /home/naysha/ros2_ws/src/final_pipeline/install/final_pipeline/share/final_pipeline/srv/GetYaw.srv
[9.480s] -- Installing: /home/naysha/ros2_ws/src/final_pipeline/install/final_pipeline/share/final_pipeline/srv/GetDepth.srv
[9.480s] -- Installing: /home/naysha/ros2_ws/src/final_pipeline/install/final_pipeline/lib/final_pipeline/new_pipeline.py
[9.480s] -- Installing: /home/naysha/ros2_ws/src/final_pipeline/install/final_pipeline/share/ament_index/resource_index/package_run_dependencies/final_pipeline
[9.480s] -- Installing: /home/naysha/ros2_ws/src/final_pipeline/install/final_pipeline/share/ament_index/resource_index/parent_prefix_path/final_pipeline
[9.480s] -- Installing: /home/naysha/ros2_ws/src/final_pipeline/install/final_pipeline/share/final_pipeline/environment/ament_prefix_path.sh
[9.480s] -- Installing: /home/naysha/ros2_ws/src/final_pipeline/install/final_pipeline/share/final_pipeline/environment/ament_prefix_path.dsv
[9.480s] -- Installing: /home/naysha/ros2_ws/src/final_pipeline/install/final_pipeline/share/final_pipeline/environment/path.sh
[9.480s] -- Installing: /home/naysha/ros2_ws/src/final_pipeline/install/final_pipeline/share/final_pipeline/environment/path.dsv
[9.481s] -- Installing: /home/naysha/ros2_ws/src/final_pipeline/install/final_pipeline/share/final_pipeline/local_setup.bash
[9.481s] -- Installing: /home/naysha/ros2_ws/src/final_pipeline/install/final_pipeline/share/final_pipeline/local_setup.sh
[9.481s] -- Installing: /home/naysha/ros2_ws/src/final_pipeline/install/final_pipeline/share/final_pipeline/local_setup.zsh
[9.481s] -- Installing: /home/naysha/ros2_ws/src/final_pipeline/install/final_pipeline/share/final_pipeline/local_setup.dsv
[9.481s] -- Installing: /home/naysha/ros2_ws/src/final_pipeline/install/final_pipeline/share/final_pipeline/package.dsv
[9.481s] -- Installing: /home/naysha/ros2_ws/src/final_pipeline/install/final_pipeline/share/ament_index/resource_index/packages/final_pipeline
[9.481s] -- Installing: /home/naysha/ros2_ws/src/final_pipeline/install/final_pipeline/share/final_pipeline/cmake/export_final_pipeline__rosidl_generator_cExport.cmake
[9.481s] -- Installing: /home/naysha/ros2_ws/src/final_pipeline/install/final_pipeline/share/final_pipeline/cmake/export_final_pipeline__rosidl_generator_cExport-noconfig.cmake
[9.481s] -- Installing: /home/naysha/ros2_ws/src/final_pipeline/install/final_pipeline/share/final_pipeline/cmake/export_final_pipeline__rosidl_typesupport_fastrtps_cExport.cmake
[9.481s] -- Installing: /home/naysha/ros2_ws/src/final_pipeline/install/final_pipeline/share/final_pipeline/cmake/export_final_pipeline__rosidl_typesupport_fastrtps_cExport-noconfig.cmake
[9.481s] -- Installing: /home/naysha/ros2_ws/src/final_pipeline/install/final_pipeline/share/final_pipeline/cmake/export_final_pipeline__rosidl_generator_cppExport.cmake
[9.481s] -- Installing: /home/naysha/ros2_ws/src/final_pipeline/install/final_pipeline/share/final_pipeline/cmake/export_final_pipeline__rosidl_typesupport_fastrtps_cppExport.cmake
[9.482s] -- Installing: /home/naysha/ros2_ws/src/final_pipeline/install/final_pipeline/share/final_pipeline/cmake/export_final_pipeline__rosidl_typesupport_fastrtps_cppExport-noconfig.cmake
[9.482s] -- Installing: /home/naysha/ros2_ws/src/final_pipeline/install/final_pipeline/share/final_pipeline/cmake/final_pipeline__rosidl_typesupport_introspection_cExport.cmake
[9.482s] -- Installing: /home/naysha/ros2_ws/src/final_pipeline/install/final_pipeline/share/final_pipeline/cmake/final_pipeline__rosidl_typesupport_introspection_cExport-noconfig.cmake
[9.482s] -- Installing: /home/naysha/ros2_ws/src/final_pipeline/install/final_pipeline/share/final_pipeline/cmake/final_pipeline__rosidl_typesupport_cExport.cmake
[9.482s] -- Installing: /home/naysha/ros2_ws/src/final_pipeline/install/final_pipeline/share/final_pipeline/cmake/final_pipeline__rosidl_typesupport_cExport-noconfig.cmake
[9.482s] -- Installing: /home/naysha/ros2_ws/src/final_pipeline/install/final_pipeline/share/final_pipeline/cmake/final_pipeline__rosidl_typesupport_introspection_cppExport.cmake
[9.482s] -- Installing: /home/naysha/ros2_ws/src/final_pipeline/install/final_pipeline/share/final_pipeline/cmake/final_pipeline__rosidl_typesupport_introspection_cppExport-noconfig.cmake
[9.482s] -- Installing: /home/naysha/ros2_ws/src/final_pipeline/install/final_pipeline/share/final_pipeline/cmake/final_pipeline__rosidl_typesupport_cppExport.cmake
[9.482s] -- Installing: /home/naysha/ros2_ws/src/final_pipeline/install/final_pipeline/share/final_pipeline/cmake/final_pipeline__rosidl_typesupport_cppExport-noconfig.cmake
[9.482s] -- Installing: /home/naysha/ros2_ws/src/final_pipeline/install/final_pipeline/share/final_pipeline/cmake/export_final_pipeline__rosidl_generator_pyExport.cmake
[9.483s] -- Installing: /home/naysha/ros2_ws/src/final_pipeline/install/final_pipeline/share/final_pipeline/cmake/export_final_pipeline__rosidl_generator_pyExport-noconfig.cmake
[9.483s] -- Installing: /home/naysha/ros2_ws/src/final_pipeline/install/final_pipeline/share/final_pipeline/cmake/rosidl_cmake-extras.cmake
[9.483s] -- Installing: /home/naysha/ros2_ws/src/final_pipeline/install/final_pipeline/share/final_pipeline/cmake/ament_cmake_export_dependencies-extras.cmake
[9.483s] -- Installing: /home/naysha/ros2_ws/src/final_pipeline/install/final_pipeline/share/final_pipeline/cmake/ament_cmake_export_include_directories-extras.cmake
[9.483s] -- Installing: /home/naysha/ros2_ws/src/final_pipeline/install/final_pipeline/share/final_pipeline/cmake/ament_cmake_export_libraries-extras.cmake
[9.483s] -- Installing: /home/naysha/ros2_ws/src/final_pipeline/install/final_pipeline/share/final_pipeline/cmake/ament_cmake_export_targets-extras.cmake
[9.483s] -- Installing: /home/naysha/ros2_ws/src/final_pipeline/install/final_pipeline/share/final_pipeline/cmake/rosidl_cmake_export_typesupport_targets-extras.cmake
[9.483s] -- Installing: /home/naysha/ros2_ws/src/final_pipeline/install/final_pipeline/share/final_pipeline/cmake/rosidl_cmake_export_typesupport_libraries-extras.cmake
[9.483s] -- Installing: /home/naysha/ros2_ws/src/final_pipeline/install/final_pipeline/share/final_pipeline/cmake/final_pipelineConfig.cmake
[9.483s] -- Installing: /home/naysha/ros2_ws/src/final_pipeline/install/final_pipeline/share/final_pipeline/cmake/final_pipelineConfig-version.cmake
[9.483s] -- Installing: /home/naysha/ros2_ws/src/final_pipeline/install/final_pipeline/share/final_pipeline/package.xml
[9.486s] Invoked command in '/home/naysha/ros2_ws/src/final_pipeline/build/final_pipeline' returned '0': DEBUGINFOD_URLS=https://debuginfod.ubuntu.com /usr/bin/cmake --install /home/naysha/ros2_ws/src/final_pipeline/build/final_pipeline
