[0.119s] DEBUG:colcon:Command line arguments: ['/usr/bin/colcon', 'build', '--symlink-install']
[0.119s] DEBUG:colcon:Parsed command line arguments: Namespace(log_base=None, log_level=None, verb_name='build', build_base='build', install_base='install', merge_install=False, symlink_install=True, test_result_base=None, continue_on_error=False, executor='parallel', parallel_workers=12, event_handlers=None, ignore_user_meta=False, metas=['./colcon.meta'], base_paths=['.'], packages_ignore=None, packages_ignore_regex=None, paths=None, packages_up_to=None, packages_up_to_regex=None, packages_above=None, packages_above_and_dependencies=None, packages_above_depth=None, packages_select_by_dep=None, packages_skip_by_dep=None, packages_skip_up_to=None, packages_select_build_failed=False, packages_skip_build_finished=False, packages_select_test_failures=False, packages_skip_test_passed=False, packages_select=None, packages_skip=None, packages_select_regex=None, packages_skip_regex=None, packages_start=None, packages_end=None, cmake_args=None, cmake_target=None, cmake_target_skip_unavailable=False, cmake_clean_cache=False, cmake_clean_first=False, cmake_force_configure=False, ament_cmake_args=None, catkin_cmake_args=None, catkin_skip_building_tests=False, verb_parser=<colcon_defaults.argument_parser.defaults.DefaultArgumentsDecorator object at 0x72720281d1f0>, verb_extension=<colcon_core.verb.build.BuildVerb object at 0x727202941ac0>, main=<bound method BuildVerb.main of <colcon_core.verb.build.BuildVerb object at 0x727202941ac0>>)
[0.165s] Level 1:colcon.colcon_core.package_discovery:discover_packages(colcon_meta) check parameters
[0.165s] Level 1:colcon.colcon_core.package_discovery:discover_packages(recursive) check parameters
[0.165s] Level 1:colcon.colcon_core.package_discovery:discover_packages(ignore) check parameters
[0.165s] Level 1:colcon.colcon_core.package_discovery:discover_packages(path) check parameters
[0.165s] Level 1:colcon.colcon_core.package_discovery:discover_packages(colcon_meta) discover
[0.165s] Level 1:colcon.colcon_core.package_discovery:discover_packages(recursive) discover
[0.165s] INFO:colcon.colcon_core.package_discovery:Crawling recursively for packages in '/home/naysha/ros2_ws/src/final_pipeline'
[0.165s] Level 1:colcon.colcon_core.package_identification:_identify(.) by extensions ['ignore', 'ignore_ament_install']
[0.165s] Level 1:colcon.colcon_core.package_identification:_identify(.) by extension 'ignore'
[0.165s] Level 1:colcon.colcon_core.package_identification:_identify(.) by extension 'ignore_ament_install'
[0.165s] Level 1:colcon.colcon_core.package_identification:_identify(.) by extensions ['colcon_pkg']
[0.165s] Level 1:colcon.colcon_core.package_identification:_identify(.) by extension 'colcon_pkg'
[0.166s] Level 1:colcon.colcon_core.package_identification:_identify(.) by extensions ['colcon_meta']
[0.166s] Level 1:colcon.colcon_core.package_identification:_identify(.) by extension 'colcon_meta'
[0.166s] Level 1:colcon.colcon_core.package_identification:_identify(.) by extensions ['ros']
[0.166s] Level 1:colcon.colcon_core.package_identification:_identify(.) by extension 'ros'
[0.200s] DEBUG:colcon.colcon_core.package_identification:Package '.' with type 'ros.catkin' and name 'final_pipeline'
[0.200s] Level 1:colcon.colcon_core.package_discovery:discover_packages(recursive) using defaults
[0.200s] Level 1:colcon.colcon_core.package_discovery:discover_packages(ignore) discover
[0.200s] Level 1:colcon.colcon_core.package_discovery:discover_packages(ignore) using defaults
[0.200s] Level 1:colcon.colcon_core.package_discovery:discover_packages(path) discover
[0.200s] Level 1:colcon.colcon_core.package_discovery:discover_packages(path) using defaults
[0.221s] Level 5:colcon.colcon_core.verb:set package 'final_pipeline' build argument 'cmake_args' from command line to 'None'
[0.221s] Level 5:colcon.colcon_core.verb:set package 'final_pipeline' build argument 'cmake_target' from command line to 'None'
[0.221s] Level 5:colcon.colcon_core.verb:set package 'final_pipeline' build argument 'cmake_target_skip_unavailable' from command line to 'False'
[0.221s] Level 5:colcon.colcon_core.verb:set package 'final_pipeline' build argument 'cmake_clean_cache' from command line to 'False'
[0.221s] Level 5:colcon.colcon_core.verb:set package 'final_pipeline' build argument 'cmake_clean_first' from command line to 'False'
[0.222s] Level 5:colcon.colcon_core.verb:set package 'final_pipeline' build argument 'cmake_force_configure' from command line to 'False'
[0.222s] Level 5:colcon.colcon_core.verb:set package 'final_pipeline' build argument 'ament_cmake_args' from command line to 'None'
[0.222s] Level 5:colcon.colcon_core.verb:set package 'final_pipeline' build argument 'catkin_cmake_args' from command line to 'None'
[0.222s] Level 5:colcon.colcon_core.verb:set package 'final_pipeline' build argument 'catkin_skip_building_tests' from command line to 'False'
[0.222s] DEBUG:colcon.colcon_core.verb:Building package 'final_pipeline' with the following arguments: {'ament_cmake_args': None, 'build_base': '/home/naysha/ros2_ws/src/final_pipeline/build/final_pipeline', 'catkin_cmake_args': None, 'catkin_skip_building_tests': False, 'cmake_args': None, 'cmake_clean_cache': False, 'cmake_clean_first': False, 'cmake_force_configure': False, 'cmake_target': None, 'cmake_target_skip_unavailable': False, 'install_base': '/home/naysha/ros2_ws/src/final_pipeline/install/final_pipeline', 'merge_install': False, 'path': '/home/naysha/ros2_ws/src/final_pipeline', 'symlink_install': True, 'test_result_base': None}
[0.222s] INFO:colcon.colcon_core.executor:Executing jobs using 'parallel' executor
[0.223s] DEBUG:colcon.colcon_parallel_executor.executor.parallel:run_until_complete
[0.223s] INFO:colcon.colcon_ros.task.catkin.build:Building ROS package in '/home/naysha/ros2_ws/src/final_pipeline' with build type 'catkin'
[0.223s] INFO:colcon.colcon_cmake.task.cmake.build:Building CMake package in '/home/naysha/ros2_ws/src/final_pipeline'
[0.226s] INFO:colcon.colcon_core.plugin_system:Skipping extension 'colcon_core.shell.bat': Not used on non-Windows systems
[0.226s] DEBUG:colcon.colcon_core.shell:Skip shell extension 'dsv' for command environment
[0.237s] DEBUG:colcon.colcon_core.event_handler.log_command:Invoking command in '/home/naysha/ros2_ws/src/final_pipeline/build/final_pipeline': DEBUGINFOD_URLS=https://debuginfod.ubuntu.com /usr/bin/cmake /home/naysha/ros2_ws/src/final_pipeline -DCATKIN_INSTALL_INTO_PREFIX_ROOT=0 -DCATKIN_SYMLINK_INSTALL=ON -DCMAKE_INSTALL_PREFIX=/home/naysha/ros2_ws/src/final_pipeline/install/final_pipeline
[5.194s] DEBUG:colcon.colcon_core.event_handler.log_command:Invoked command in '/home/naysha/ros2_ws/src/final_pipeline/build/final_pipeline' returned '0': DEBUGINFOD_URLS=https://debuginfod.ubuntu.com /usr/bin/cmake /home/naysha/ros2_ws/src/final_pipeline -DCATKIN_INSTALL_INTO_PREFIX_ROOT=0 -DCATKIN_SYMLINK_INSTALL=ON -DCMAKE_INSTALL_PREFIX=/home/naysha/ros2_ws/src/final_pipeline/install/final_pipeline
[5.196s] DEBUG:colcon.colcon_core.event_handler.log_command:Invoking command in '/home/naysha/ros2_ws/src/final_pipeline/build/final_pipeline': DEBUGINFOD_URLS=https://debuginfod.ubuntu.com /usr/bin/cmake --build /home/naysha/ros2_ws/src/final_pipeline/build/final_pipeline -- -j12 -l12
[9.587s] DEBUG:colcon.colcon_core.event_handler.log_command:Invoked command in '/home/naysha/ros2_ws/src/final_pipeline/build/final_pipeline' returned '0': DEBUGINFOD_URLS=https://debuginfod.ubuntu.com /usr/bin/cmake --build /home/naysha/ros2_ws/src/final_pipeline/build/final_pipeline -- -j12 -l12
[9.607s] DEBUG:colcon.colcon_core.event_handler.log_command:Invoking command in '/home/naysha/ros2_ws/src/final_pipeline/build/final_pipeline': DEBUGINFOD_URLS=https://debuginfod.ubuntu.com /usr/bin/cmake --install /home/naysha/ros2_ws/src/final_pipeline/build/final_pipeline
[9.710s] DEBUG:colcon.colcon_core.event_handler.log_command:Invoked command in '/home/naysha/ros2_ws/src/final_pipeline/build/final_pipeline' returned '0': DEBUGINFOD_URLS=https://debuginfod.ubuntu.com /usr/bin/cmake --install /home/naysha/ros2_ws/src/final_pipeline/build/final_pipeline
[9.710s] Level 1:colcon.colcon_core.shell:create_environment_hook('final_pipeline', 'ros_package_path')
[9.711s] INFO:colcon.colcon_core.shell:Creating environment descriptor '/home/naysha/ros2_ws/src/final_pipeline/install/final_pipeline/share/final_pipeline/hook/ros_package_path.dsv'
[9.712s] INFO:colcon.colcon_core.shell:Creating environment hook '/home/naysha/ros2_ws/src/final_pipeline/install/final_pipeline/share/final_pipeline/hook/ros_package_path.sh'
[9.713s] Level 1:colcon.colcon_ros.task.catkin:checking '/home/naysha/ros2_ws/src/final_pipeline/install/final_pipeline/lib/python3.12/site-packages'
[9.713s] Level 1:colcon.colcon_core.shell:create_environment_hook('final_pipeline', 'catkin_pythonpath')
[9.713s] INFO:colcon.colcon_core.shell:Creating environment descriptor '/home/naysha/ros2_ws/src/final_pipeline/install/final_pipeline/share/final_pipeline/hook/catkin_pythonpath.dsv'
[9.714s] INFO:colcon.colcon_core.shell:Creating environment hook '/home/naysha/ros2_ws/src/final_pipeline/install/final_pipeline/share/final_pipeline/hook/catkin_pythonpath.sh'
[9.715s] Level 1:colcon.colcon_core.shell:create_environment_hook('final_pipeline', 'pkg_config_path')
[9.715s] INFO:colcon.colcon_core.shell:Creating environment descriptor '/home/naysha/ros2_ws/src/final_pipeline/install/final_pipeline/share/final_pipeline/hook/pkg_config_path.dsv'
[9.716s] INFO:colcon.colcon_core.shell:Creating environment hook '/home/naysha/ros2_ws/src/final_pipeline/install/final_pipeline/share/final_pipeline/hook/pkg_config_path.sh'
[9.719s] Level 1:colcon.colcon_core.shell:create_environment_hook('final_pipeline', 'pkg_config_path_multiarch')
[9.719s] INFO:colcon.colcon_core.shell:Creating environment descriptor '/home/naysha/ros2_ws/src/final_pipeline/install/final_pipeline/share/final_pipeline/hook/pkg_config_path_multiarch.dsv'
[9.720s] INFO:colcon.colcon_core.shell:Creating environment hook '/home/naysha/ros2_ws/src/final_pipeline/install/final_pipeline/share/final_pipeline/hook/pkg_config_path_multiarch.sh'
[9.721s] Level 1:colcon.colcon_core.environment:create_environment_scripts_only(final_pipeline)
[9.724s] Level 1:colcon.colcon_core.environment:checking '/home/naysha/ros2_ws/src/final_pipeline/install/final_pipeline' for CMake module files
[9.724s] Level 1:colcon.colcon_core.environment:checking '/home/naysha/ros2_ws/src/final_pipeline/install/final_pipeline' for CMake config files
[9.725s] Level 1:colcon.colcon_core.shell:create_environment_hook('final_pipeline', 'cmake_prefix_path')
[9.725s] INFO:colcon.colcon_core.shell:Creating environment descriptor '/home/naysha/ros2_ws/src/final_pipeline/install/final_pipeline/share/final_pipeline/hook/cmake_prefix_path.dsv'
[9.725s] INFO:colcon.colcon_core.shell:Creating environment hook '/home/naysha/ros2_ws/src/final_pipeline/install/final_pipeline/share/final_pipeline/hook/cmake_prefix_path.sh'
[9.726s] Level 1:colcon.colcon_core.environment:checking '/home/naysha/ros2_ws/src/final_pipeline/install/final_pipeline/lib'
[9.727s] Level 1:colcon.colcon_core.shell:create_environment_hook('final_pipeline', 'ld_library_path_lib')
[9.727s] INFO:colcon.colcon_core.shell:Creating environment descriptor '/home/naysha/ros2_ws/src/final_pipeline/install/final_pipeline/share/final_pipeline/hook/ld_library_path_lib.dsv'
[9.727s] INFO:colcon.colcon_core.shell:Creating environment hook '/home/naysha/ros2_ws/src/final_pipeline/install/final_pipeline/share/final_pipeline/hook/ld_library_path_lib.sh'
[9.728s] Level 1:colcon.colcon_core.environment:checking '/home/naysha/ros2_ws/src/final_pipeline/install/final_pipeline/bin'
[9.728s] Level 1:colcon.colcon_core.environment:checking '/home/naysha/ros2_ws/src/final_pipeline/install/final_pipeline/lib/pkgconfig/final_pipeline.pc'
[9.730s] Level 1:colcon.colcon_core.environment:checking '/home/naysha/ros2_ws/src/final_pipeline/install/final_pipeline/lib/python3.12/site-packages'
[9.731s] Level 1:colcon.colcon_core.shell:create_environment_hook('final_pipeline', 'pythonpath')
[9.731s] INFO:colcon.colcon_core.shell:Creating environment descriptor '/home/naysha/ros2_ws/src/final_pipeline/install/final_pipeline/share/final_pipeline/hook/pythonpath.dsv'
[9.731s] INFO:colcon.colcon_core.shell:Creating environment hook '/home/naysha/ros2_ws/src/final_pipeline/install/final_pipeline/share/final_pipeline/hook/pythonpath.sh'
[9.732s] Level 1:colcon.colcon_core.environment:checking '/home/naysha/ros2_ws/src/final_pipeline/install/final_pipeline/bin'
[9.732s] INFO:colcon.colcon_core.shell:Creating package descriptor '/home/naysha/ros2_ws/src/final_pipeline/install/final_pipeline/share/final_pipeline/package.dsv'
[9.733s] INFO:colcon.colcon_core.shell:Creating package script '/home/naysha/ros2_ws/src/final_pipeline/install/final_pipeline/share/final_pipeline/package.sh'
[9.734s] INFO:colcon.colcon_core.shell:Creating package script '/home/naysha/ros2_ws/src/final_pipeline/install/final_pipeline/share/final_pipeline/package.bash'
[9.734s] INFO:colcon.colcon_core.shell:Creating package script '/home/naysha/ros2_ws/src/final_pipeline/install/final_pipeline/share/final_pipeline/package.zsh'
[9.735s] Level 1:colcon.colcon_core.environment:create_file_with_runtime_dependencies(/home/naysha/ros2_ws/src/final_pipeline/install/final_pipeline/share/colcon-core/packages/final_pipeline)
[9.735s] DEBUG:colcon.colcon_parallel_executor.executor.parallel:closing loop
[9.735s] DEBUG:colcon.colcon_parallel_executor.executor.parallel:loop closed
[9.736s] DEBUG:colcon.colcon_parallel_executor.executor.parallel:run_until_complete finished with '0'
[9.736s] DEBUG:colcon.colcon_core.event_reactor:joining thread
[9.745s] INFO:colcon.colcon_core.plugin_system:Skipping extension 'colcon_notification.desktop_notification.terminal_notifier': Not used on non-Darwin systems
[9.745s] INFO:colcon.colcon_core.plugin_system:Skipping extension 'colcon_notification.desktop_notification.win32': Not used on non-Windows systems
[9.745s] INFO:colcon.colcon_notification.desktop_notification:Sending desktop notification using 'notify2'
[9.770s] DEBUG:colcon.colcon_core.event_reactor:joined thread
[9.771s] INFO:colcon.colcon_core.shell:Creating prefix script '/home/naysha/ros2_ws/src/final_pipeline/install/local_setup.sh'
[9.771s] INFO:colcon.colcon_core.shell:Creating prefix util module '/home/naysha/ros2_ws/src/final_pipeline/install/_local_setup_util_sh.py'
[9.773s] INFO:colcon.colcon_core.shell:Creating prefix chain script '/home/naysha/ros2_ws/src/final_pipeline/install/setup.sh'
[9.775s] INFO:colcon.colcon_core.shell:Creating prefix script '/home/naysha/ros2_ws/src/final_pipeline/install/local_setup.bash'
[9.775s] INFO:colcon.colcon_core.shell:Creating prefix chain script '/home/naysha/ros2_ws/src/final_pipeline/install/setup.bash'
[9.777s] INFO:colcon.colcon_core.shell:Creating prefix script '/home/naysha/ros2_ws/src/final_pipeline/install/local_setup.zsh'
[9.777s] INFO:colcon.colcon_core.shell:Creating prefix chain script '/home/naysha/ros2_ws/src/final_pipeline/install/setup.zsh'
